  Determining projects to restore...
  Restored D:\NIMBUSPOST_DOCUMENTATION\TryNextPost\TryNextPost.Domain\TryNextPost.Domain.csproj (in 3.64 sec).
  Restored D:\NIMBUSPOST_DOCUMENTATION\TryNextPost\TryNextPost.API\TryNextPost.API.csproj (in 17.32 sec).
  Restored D:\NIMBUSPOST_DOCUMENTATION\TryNextPost\TryNextPost.Application\TryNextPost.Application.csproj (in 17.32 sec).
  Restored D:\NIMBUSPOST_DOCUMENTATION\TryNextPost\TryNextPost.Infrastructure\TryNextPost.Infrastructure.csproj (in 17.32 sec).
D:\NIMBUSPOST_DOCUMENTATION\TryNextPost\TryNextPost.Domain\Entities\BusinessType.cs(16,23): warning CS8618: Non-nullable property 'Name' must contain a non-null value when exiting constructor. Consider adding the 'required' modifier or declaring the property as nullable. [D:\NIMBUSPOST_DOCUMENTATION\TryNextPost\TryNextPost.Domain\TryNextPost.Domain.csproj]
D:\NIMBUSPOST_DOCUMENTATION\TryNextPost\TryNextPost.Domain\Entities\Address.cs(21,28): warning CS8618: Non-nullable property 'Company' must contain a non-null value when exiting constructor. Consider adding the 'required' modifier or declaring the property as nullable. [D:\NIMBUSPOST_DOCUMENTATION\TryNextPost\TryNextPost.Domain\TryNextPost.Domain.csproj]
D:\NIMBUSPOST_DOCUMENTATION\TryNextPost\TryNextPost.Domain\Entities\CompanyInfo.cs(19,37): warning CS8618: Non-nullable property 'Addresses' must contain a non-null value when exiting constructor. Consider adding the 'required' modifier or declaring the property as nullable. [D:\NIMBUSPOST_DOCUMENTATION\TryNextPost\TryNextPost.Domain\TryNextPost.Domain.csproj]
D:\NIMBUSPOST_DOCUMENTATION\TryNextPost\TryNextPost.Domain\Entities\SellerDocument.cs(18,23): warning CS8618: Non-nullable property 'SellerId' must contain a non-null value when exiting constructor. Consider adding the 'required' modifier or declaring the property as nullable. [D:\NIMBUSPOST_DOCUMENTATION\TryNextPost\TryNextPost.Domain\TryNextPost.Domain.csproj]
D:\NIMBUSPOST_DOCUMENTATION\TryNextPost\TryNextPost.Domain\Entities\SellerKYC.cs(16,23): warning CS8618: Non-nullable property 'SellerId' must contain a non-null value when exiting constructor. Consider adding the 'required' modifier or declaring the property as nullable. [D:\NIMBUSPOST_DOCUMENTATION\TryNextPost\TryNextPost.Domain\TryNextPost.Domain.csproj]
D:\NIMBUSPOST_DOCUMENTATION\TryNextPost\TryNextPost.Domain\Entities\SellerKYC.cs(26,23): warning CS8618: Non-nullable property 'KYCStatus' must contain a non-null value when exiting constructor. Consider adding the 'required' modifier or declaring the property as nullable. [D:\NIMBUSPOST_DOCUMENTATION\TryNextPost\TryNextPost.Domain\TryNextPost.Domain.csproj]
D:\NIMBUSPOST_DOCUMENTATION\TryNextPost\TryNextPost.Domain\Entities\UserSession.cs(13,23): warning CS8618: Non-nullable property 'UserId' must contain a non-null value when exiting constructor. Consider adding the 'required' modifier or declaring the property as nullable. [D:\NIMBUSPOST_DOCUMENTATION\TryNextPost\TryNextPost.Domain\TryNextPost.Domain.csproj]
D:\NIMBUSPOST_DOCUMENTATION\TryNextPost\TryNextPost.Domain\Entities\UserSession.cs(15,23): warning CS8618: Non-nullable property 'DeviceId' must contain a non-null value when exiting constructor. Consider adding the 'required' modifier or declaring the property as nullable. [D:\NIMBUSPOST_DOCUMENTATION\TryNextPost\TryNextPost.Domain\TryNextPost.Domain.csproj]
D:\NIMBUSPOST_DOCUMENTATION\TryNextPost\TryNextPost.Domain\Entities\UserSession.cs(17,23): warning CS8618: Non-nullable property 'IpAddress' must contain a non-null value when exiting constructor. Consider adding the 'required' modifier or declaring the property as nullable. [D:\NIMBUSPOST_DOCUMENTATION\TryNextPost\TryNextPost.Domain\TryNextPost.Domain.csproj]
D:\NIMBUSPOST_DOCUMENTATION\TryNextPost\TryNextPost.Domain\Entities\UserSession.cs(19,23): warning CS8618: Non-nullable property 'JwtToken' must contain a non-null value when exiting constructor. Consider adding the 'required' modifier or declaring the property as nullable. [D:\NIMBUSPOST_DOCUMENTATION\TryNextPost\TryNextPost.Domain\TryNextPost.Domain.csproj]
  TryNextPost.Domain -> D:\NIMBUSPOST_DOCUMENTATION\TryNextPost\TryNextPost.Domain\bin\Debug\net9.0\TryNextPost.Domain.dll
D:\NIMBUSPOST_DOCUMENTATION\TryNextPost\TryNextPost.Application\DTO\Auth\VerifyPhoneOtpRequest.cs(11,23): warning CS8618: Non-nullable property 'Mobile' must contain a non-null value when exiting constructor. Consider adding the 'required' modifier or declaring the property as nullable. [D:\NIMBUSPOST_DOCUMENTATION\TryNextPost\TryNextPost.Application\TryNextPost.Application.csproj]
D:\NIMBUSPOST_DOCUMENTATION\TryNextPost\TryNextPost.Application\DTO\Auth\VerifyPhoneOtpRequest.cs(12,23): warning CS8618: Non-nullable property 'Otp' must contain a non-null value when exiting constructor. Consider adding the 'required' modifier or declaring the property as nullable. [D:\NIMBUSPOST_DOCUMENTATION\TryNextPost\TryNextPost.Application\TryNextPost.Application.csproj]
D:\NIMBUSPOST_DOCUMENTATION\TryNextPost\TryNextPost.Application\DTO\Auth\VerifyPhoneOtpRequest.cs(13,23): warning CS8618: Non-nullable property 'DeviceId' must contain a non-null value when exiting constructor. Consider adding the 'required' modifier or declaring the property as nullable. [D:\NIMBUSPOST_DOCUMENTATION\TryNextPost\TryNextPost.Application\TryNextPost.Application.csproj]
D:\NIMBUSPOST_DOCUMENTATION\TryNextPost\TryNextPost.Application\DTO\Common\ApiResponse.cs(13,23): warning CS8618: Non-nullable property 'Message' must contain a non-null value when exiting constructor. Consider adding the 'required' modifier or declaring the property as nullable. [D:\NIMBUSPOST_DOCUMENTATION\TryNextPost\TryNextPost.Application\TryNextPost.Application.csproj]
D:\NIMBUSPOST_DOCUMENTATION\TryNextPost\TryNextPost.Application\DTO\Common\ApiResponse.cs(15,29): warning CS8618: Non-nullable property 'Errors' must contain a non-null value when exiting constructor. Consider adding the 'required' modifier or declaring the property as nullable. [D:\NIMBUSPOST_DOCUMENTATION\TryNextPost\TryNextPost.Application\TryNextPost.Application.csproj]
D:\NIMBUSPOST_DOCUMENTATION\TryNextPost\TryNextPost.Application\DTO\Common\ApiResponse.cs(16,18): warning CS8618: Non-nullable property 'Data' must contain a non-null value when exiting constructor. Consider adding the 'required' modifier or declaring the property as nullable. [D:\NIMBUSPOST_DOCUMENTATION\TryNextPost\TryNextPost.Application\TryNextPost.Application.csproj]
D:\NIMBUSPOST_DOCUMENTATION\TryNextPost\TryNextPost.Application\DTO\Auth\VerifyOtpRequest.cs(11,23): warning CS8618: Non-nullable property 'OtpToken' must contain a non-null value when exiting constructor. Consider adding the 'required' modifier or declaring the property as nullable. [D:\NIMBUSPOST_DOCUMENTATION\TryNextPost\TryNextPost.Application\TryNextPost.Application.csproj]
D:\NIMBUSPOST_DOCUMENTATION\TryNextPost\TryNextPost.Application\DTO\Auth\VerifyOtpRequest.cs(12,23): warning CS8618: Non-nullable property 'Otp' must contain a non-null value when exiting constructor. Consider adding the 'required' modifier or declaring the property as nullable. [D:\NIMBUSPOST_DOCUMENTATION\TryNextPost\TryNextPost.Application\TryNextPost.Application.csproj]
D:\NIMBUSPOST_DOCUMENTATION\TryNextPost\TryNextPost.Application\DTO\Auth\VerifyOtpRequest.cs(13,23): warning CS8618: Non-nullable property 'DeviceId' must contain a non-null value when exiting constructor. Consider adding the 'required' modifier or declaring the property as nullable. [D:\NIMBUSPOST_DOCUMENTATION\TryNextPost\TryNextPost.Application\TryNextPost.Application.csproj]
D:\NIMBUSPOST_DOCUMENTATION\TryNextPost\TryNextPost.Application\DTO\Auth\SendPhoneOtpRequest.cs(11,23): warning CS8618: Non-nullable property 'Mobile' must contain a non-null value when exiting constructor. Consider adding the 'required' modifier or declaring the property as nullable. [D:\NIMBUSPOST_DOCUMENTATION\TryNextPost\TryNextPost.Application\TryNextPost.Application.csproj]
D:\NIMBUSPOST_DOCUMENTATION\TryNextPost\TryNextPost.Application\DTO\Auth\AuthResult.cs(11,23): warning CS8618: Non-nullable property 'UserId' must contain a non-null value when exiting constructor. Consider adding the 'required' modifier or declaring the property as nullable. [D:\NIMBUSPOST_DOCUMENTATION\TryNextPost\TryNextPost.Application\TryNextPost.Application.csproj]
D:\NIMBUSPOST_DOCUMENTATION\TryNextPost\TryNextPost.Application\DTO\Auth\AuthResult.cs(12,23): warning CS8618: Non-nullable property 'Email' must contain a non-null value when exiting constructor. Consider adding the 'required' modifier or declaring the property as nullable. [D:\NIMBUSPOST_DOCUMENTATION\TryNextPost\TryNextPost.Application\TryNextPost.Application.csproj]
D:\NIMBUSPOST_DOCUMENTATION\TryNextPost\TryNextPost.Application\DTO\Auth\AuthResult.cs(13,23): warning CS8618: Non-nullable property 'Token' must contain a non-null value when exiting constructor. Consider adding the 'required' modifier or declaring the property as nullable. [D:\NIMBUSPOST_DOCUMENTATION\TryNextPost\TryNextPost.Application\TryNextPost.Application.csproj]
D:\NIMBUSPOST_DOCUMENTATION\TryNextPost\TryNextPost.Application\DTO\Auth\AuthResult.cs(14,23): warning CS8618: Non-nullable property 'Role' must contain a non-null value when exiting constructor. Consider adding the 'required' modifier or declaring the property as nullable. [D:\NIMBUSPOST_DOCUMENTATION\TryNextPost\TryNextPost.Application\TryNextPost.Application.csproj]
D:\NIMBUSPOST_DOCUMENTATION\TryNextPost\TryNextPost.Application\DTO\Auth\SellerDto.cs(13,23): warning CS8618: Non-nullable property 'FullName' must contain a non-null value when exiting constructor. Consider adding the 'required' modifier or declaring the property as nullable. [D:\NIMBUSPOST_DOCUMENTATION\TryNextPost\TryNextPost.Application\TryNextPost.Application.csproj]
D:\NIMBUSPOST_DOCUMENTATION\TryNextPost\TryNextPost.Application\DTO\Auth\SellerDto.cs(17,23): warning CS8618: Non-nullable property 'Email' must contain a non-null value when exiting constructor. Consider adding the 'required' modifier or declaring the property as nullable. [D:\NIMBUSPOST_DOCUMENTATION\TryNextPost\TryNextPost.Application\TryNextPost.Application.csproj]
D:\NIMBUSPOST_DOCUMENTATION\TryNextPost\TryNextPost.Application\DTO\Auth\SellerDto.cs(20,23): warning CS8618: Non-nullable property 'Password' must contain a non-null value when exiting constructor. Consider adding the 'required' modifier or declaring the property as nullable. [D:\NIMBUSPOST_DOCUMENTATION\TryNextPost\TryNextPost.Application\TryNextPost.Application.csproj]
D:\NIMBUSPOST_DOCUMENTATION\TryNextPost\TryNextPost.Application\DTO\Auth\SellerDto.cs(25,23): warning CS8618: Non-nullable property 'PhoneNumber' must contain a non-null value when exiting constructor. Consider adding the 'required' modifier or declaring the property as nullable. [D:\NIMBUSPOST_DOCUMENTATION\TryNextPost\TryNextPost.Application\TryNextPost.Application.csproj]
D:\NIMBUSPOST_DOCUMENTATION\TryNextPost\TryNextPost.Application\DTO\Auth\ResponseSellerDto.cs(11,23): warning CS8618: Non-nullable property 'UserId' must contain a non-null value when exiting constructor. Consider adding the 'required' modifier or declaring the property as nullable. [D:\NIMBUSPOST_DOCUMENTATION\TryNextPost\TryNextPost.Application\TryNextPost.Application.csproj]
D:\NIMBUSPOST_DOCUMENTATION\TryNextPost\TryNextPost.Application\DTO\Auth\ResponseSellerDto.cs(12,23): warning CS8618: Non-nullable property 'FullName' must contain a non-null value when exiting constructor. Consider adding the 'required' modifier or declaring the property as nullable. [D:\NIMBUSPOST_DOCUMENTATION\TryNextPost\TryNextPost.Application\TryNextPost.Application.csproj]
D:\NIMBUSPOST_DOCUMENTATION\TryNextPost\TryNextPost.Application\DTO\Auth\ResponseSellerDto.cs(13,23): warning CS8618: Non-nullable property 'Email' must contain a non-null value when exiting constructor. Consider adding the 'required' modifier or declaring the property as nullable. [D:\NIMBUSPOST_DOCUMENTATION\TryNextPost\TryNextPost.Application\TryNextPost.Application.csproj]
D:\NIMBUSPOST_DOCUMENTATION\TryNextPost\TryNextPost.Application\DTO\Auth\ResponseSellerDto.cs(14,23): warning CS8618: Non-nullable property 'PhoneNumber' must contain a non-null value when exiting constructor. Consider adding the 'required' modifier or declaring the property as nullable. [D:\NIMBUSPOST_DOCUMENTATION\TryNextPost\TryNextPost.Application\TryNextPost.Application.csproj]
D:\NIMBUSPOST_DOCUMENTATION\TryNextPost\TryNextPost.Application\DTO\Auth\ResetPasswordRequest.cs(12,23): warning CS8618: Non-nullable property 'NewPassword' must contain a non-null value when exiting constructor. Consider adding the 'required' modifier or declaring the property as nullable. [D:\NIMBUSPOST_DOCUMENTATION\TryNextPost\TryNextPost.Application\TryNextPost.Application.csproj]
D:\NIMBUSPOST_DOCUMENTATION\TryNextPost\TryNextPost.Application\DTO\Auth\ResetPasswordRequest.cs(13,23): warning CS8618: Non-nullable property 'ConfirmPassword' must contain a non-null value when exiting constructor. Consider adding the 'required' modifier or declaring the property as nullable. [D:\NIMBUSPOST_DOCUMENTATION\TryNextPost\TryNextPost.Application\TryNextPost.Application.csproj]
D:\NIMBUSPOST_DOCUMENTATION\TryNextPost\TryNextPost.Application\DTO\Auth\ResendOtpRequest.cs(11,23): warning CS8618: Non-nullable property 'Email' must contain a non-null value when exiting constructor. Consider adding the 'required' modifier or declaring the property as nullable. [D:\NIMBUSPOST_DOCUMENTATION\TryNextPost\TryNextPost.Application\TryNextPost.Application.csproj]
D:\NIMBUSPOST_DOCUMENTATION\TryNextPost\TryNextPost.Application\DTO\Auth\RegisterRequest.cs(14,23): warning CS8618: Non-nullable property 'Email' must contain a non-null value when exiting constructor. Consider adding the 'required' modifier or declaring the property as nullable. [D:\NIMBUSPOST_DOCUMENTATION\TryNextPost\TryNextPost.Application\TryNextPost.Application.csproj]
D:\NIMBUSPOST_DOCUMENTATION\TryNextPost\TryNextPost.Application\DTO\Auth\RegisterRequest.cs(17,23): warning CS8618: Non-nullable property 'FirstName' must contain a non-null value when exiting constructor. Consider adding the 'required' modifier or declaring the property as nullable. [D:\NIMBUSPOST_DOCUMENTATION\TryNextPost\TryNextPost.Application\TryNextPost.Application.csproj]
D:\NIMBUSPOST_DOCUMENTATION\TryNextPost\TryNextPost.Application\DTO\Auth\RegisterRequest.cs(18,23): warning CS8618: Non-nullable property 'LastName' must contain a non-null value when exiting constructor. Consider adding the 'required' modifier or declaring the property as nullable. [D:\NIMBUSPOST_DOCUMENTATION\TryNextPost\TryNextPost.Application\TryNextPost.Application.csproj]
D:\NIMBUSPOST_DOCUMENTATION\TryNextPost\TryNextPost.Application\DTO\Auth\RegisterRequest.cs(22,23): warning CS8618: Non-nullable property 'Mobile' must contain a non-null value when exiting constructor. Consider adding the 'required' modifier or declaring the property as nullable. [D:\NIMBUSPOST_DOCUMENTATION\TryNextPost\TryNextPost.Application\TryNextPost.Application.csproj]
D:\NIMBUSPOST_DOCUMENTATION\TryNextPost\TryNextPost.Application\DTO\Auth\RegisterRequest.cs(26,23): warning CS8618: Non-nullable property 'Password' must contain a non-null value when exiting constructor. Consider adding the 'required' modifier or declaring the property as nullable. [D:\NIMBUSPOST_DOCUMENTATION\TryNextPost\TryNextPost.Application\TryNextPost.Application.csproj]
D:\NIMBUSPOST_DOCUMENTATION\TryNextPost\TryNextPost.Application\DTO\Auth\PhoneOtpVerifyResponse.cs(12,23): warning CS8618: Non-nullable property 'Message' must contain a non-null value when exiting constructor. Consider adding the 'required' modifier or declaring the property as nullable. [D:\NIMBUSPOST_DOCUMENTATION\TryNextPost\TryNextPost.Application\TryNextPost.Application.csproj]
D:\NIMBUSPOST_DOCUMENTATION\TryNextPost\TryNextPost.Application\DTO\Auth\PhoneOtpVerifyResponse.cs(13,23): warning CS8618: Non-nullable property 'Mobile' must contain a non-null value when exiting constructor. Consider adding the 'required' modifier or declaring the property as nullable. [D:\NIMBUSPOST_DOCUMENTATION\TryNextPost\TryNextPost.Application\TryNextPost.Application.csproj]
D:\NIMBUSPOST_DOCUMENTATION\TryNextPost\TryNextPost.Application\DTO\Auth\PhoneOtpVerifyResponse.cs(15,23): warning CS8618: Non-nullable property 'Token' must contain a non-null value when exiting constructor. Consider adding the 'required' modifier or declaring the property as nullable. [D:\NIMBUSPOST_DOCUMENTATION\TryNextPost\TryNextPost.Application\TryNextPost.Application.csproj]
D:\NIMBUSPOST_DOCUMENTATION\TryNextPost\TryNextPost.Application\DTO\Auth\ChangePasswordDto.cs(11,23): warning CS8618: Non-nullable property 'UserId' must contain a non-null value when exiting constructor. Consider adding the 'required' modifier or declaring the property as nullable. [D:\NIMBUSPOST_DOCUMENTATION\TryNextPost\TryNextPost.Application\TryNextPost.Application.csproj]
D:\NIMBUSPOST_DOCUMENTATION\TryNextPost\TryNextPost.Application\DTO\Auth\ChangePasswordDto.cs(12,23): warning CS8618: Non-nullable property 'CurrentPassword' must contain a non-null value when exiting constructor. Consider adding the 'required' modifier or declaring the property as nullable. [D:\NIMBUSPOST_DOCUMENTATION\TryNextPost\TryNextPost.Application\TryNextPost.Application.csproj]
D:\NIMBUSPOST_DOCUMENTATION\TryNextPost\TryNextPost.Application\DTO\Auth\ChangePasswordDto.cs(13,23): warning CS8618: Non-nullable property 'NewPassword' must contain a non-null value when exiting constructor. Consider adding the 'required' modifier or declaring the property as nullable. [D:\NIMBUSPOST_DOCUMENTATION\TryNextPost\TryNextPost.Application\TryNextPost.Application.csproj]
D:\NIMBUSPOST_DOCUMENTATION\TryNextPost\TryNextPost.Application\DTO\Auth\ChangePasswordDto.cs(14,23): warning CS8618: Non-nullable property 'ConfirmPassword' must contain a non-null value when exiting constructor. Consider adding the 'required' modifier or declaring the property as nullable. [D:\NIMBUSPOST_DOCUMENTATION\TryNextPost\TryNextPost.Application\TryNextPost.Application.csproj]
D:\NIMBUSPOST_DOCUMENTATION\TryNextPost\TryNextPost.Application\DTO\Auth\OtpVerifyResponse.cs(12,23): warning CS8618: Non-nullable property 'Message' must contain a non-null value when exiting constructor. Consider adding the 'required' modifier or declaring the property as nullable. [D:\NIMBUSPOST_DOCUMENTATION\TryNextPost\TryNextPost.Application\TryNextPost.Application.csproj]
D:\NIMBUSPOST_DOCUMENTATION\TryNextPost\TryNextPost.Application\DTO\Auth\OtpVerifyResponse.cs(13,23): warning CS8618: Non-nullable property 'Email' must contain a non-null value when exiting constructor. Consider adding the 'required' modifier or declaring the property as nullable. [D:\NIMBUSPOST_DOCUMENTATION\TryNextPost\TryNextPost.Application\TryNextPost.Application.csproj]
D:\NIMBUSPOST_DOCUMENTATION\TryNextPost\TryNextPost.Application\DTO\Auth\OtpVerifyResponse.cs(14,23): warning CS8618: Non-nullable property 'Token' must contain a non-null value when exiting constructor. Consider adding the 'required' modifier or declaring the property as nullable. [D:\NIMBUSPOST_DOCUMENTATION\TryNextPost\TryNextPost.Application\TryNextPost.Application.csproj]
D:\NIMBUSPOST_DOCUMENTATION\TryNextPost\TryNextPost.Application\DTO\Auth\LoginSuccessResponse.cs(11,23): warning CS8618: Non-nullable property 'Message' must contain a non-null value when exiting constructor. Consider adding the 'required' modifier or declaring the property as nullable. [D:\NIMBUSPOST_DOCUMENTATION\TryNextPost\TryNextPost.Application\TryNextPost.Application.csproj]
D:\NIMBUSPOST_DOCUMENTATION\TryNextPost\TryNextPost.Application\DTO\Auth\LoginSuccessResponse.cs(12,23): warning CS8618: Non-nullable property 'Token' must contain a non-null value when exiting constructor. Consider adding the 'required' modifier or declaring the property as nullable. [D:\NIMBUSPOST_DOCUMENTATION\TryNextPost\TryNextPost.Application\TryNextPost.Application.csproj]
D:\NIMBUSPOST_DOCUMENTATION\TryNextPost\TryNextPost.Application\DTO\Auth\LoginSuccessResponse.cs(17,29): warning CS8618: Non-nullable property 'Roles' must contain a non-null value when exiting constructor. Consider adding the 'required' modifier or declaring the property as nullable. [D:\NIMBUSPOST_DOCUMENTATION\TryNextPost\TryNextPost.Application\TryNextPost.Application.csproj]
D:\NIMBUSPOST_DOCUMENTATION\TryNextPost\TryNextPost.Application\DTO\Auth\LoginRequest.cs(11,23): warning CS8618: Non-nullable property 'Email' must contain a non-null value when exiting constructor. Consider adding the 'required' modifier or declaring the property as nullable. [D:\NIMBUSPOST_DOCUMENTATION\TryNextPost\TryNextPost.Application\TryNextPost.Application.csproj]
D:\NIMBUSPOST_DOCUMENTATION\TryNextPost\TryNextPost.Application\DTO\Auth\LoginRequest.cs(12,23): warning CS8618: Non-nullable property 'Password' must contain a non-null value when exiting constructor. Consider adding the 'required' modifier or declaring the property as nullable. [D:\NIMBUSPOST_DOCUMENTATION\TryNextPost\TryNextPost.Application\TryNextPost.Application.csproj]
D:\NIMBUSPOST_DOCUMENTATION\TryNextPost\TryNextPost.Application\DTO\Auth\LoginRequest.cs(13,23): warning CS8618: Non-nullable property 'DeviceId' must contain a non-null value when exiting constructor. Consider adding the 'required' modifier or declaring the property as nullable. [D:\NIMBUSPOST_DOCUMENTATION\TryNextPost\TryNextPost.Application\TryNextPost.Application.csproj]
D:\NIMBUSPOST_DOCUMENTATION\TryNextPost\TryNextPost.Application\DTO\Auth\LoginOtpResponse.cs(11,23): warning CS8618: Non-nullable property 'Message' must contain a non-null value when exiting constructor. Consider adding the 'required' modifier or declaring the property as nullable. [D:\NIMBUSPOST_DOCUMENTATION\TryNextPost\TryNextPost.Application\TryNextPost.Application.csproj]
D:\NIMBUSPOST_DOCUMENTATION\TryNextPost\TryNextPost.Application\DTO\Auth\LoginOtpResponse.cs(12,23): warning CS8618: Non-nullable property 'OtpToken' must contain a non-null value when exiting constructor. Consider adding the 'required' modifier or declaring the property as nullable. [D:\NIMBUSPOST_DOCUMENTATION\TryNextPost\TryNextPost.Application\TryNextPost.Application.csproj]
D:\NIMBUSPOST_DOCUMENTATION\TryNextPost\TryNextPost.Application\DTO\Auth\IdentityResultModel.cs(15,23): warning CS8618: Non-nullable property 'Message' must contain a non-null value when exiting constructor. Consider adding the 'required' modifier or declaring the property as nullable. [D:\NIMBUSPOST_DOCUMENTATION\TryNextPost\TryNextPost.Application\TryNextPost.Application.csproj]
D:\NIMBUSPOST_DOCUMENTATION\TryNextPost\TryNextPost.Application\DTO\Auth\ForgotPasswordRequest.cs(11,23): warning CS8618: Non-nullable property 'Email' must contain a non-null value when exiting constructor. Consider adding the 'required' modifier or declaring the property as nullable. [D:\NIMBUSPOST_DOCUMENTATION\TryNextPost\TryNextPost.Application\TryNextPost.Application.csproj]
D:\NIMBUSPOST_DOCUMENTATION\TryNextPost\TryNextPost.Application\DTO\Auth\CheckPhoneRequest.cs(11,23): warning CS8618: Non-nullable property 'Mobile' must contain a non-null value when exiting constructor. Consider adding the 'required' modifier or declaring the property as nullable. [D:\NIMBUSPOST_DOCUMENTATION\TryNextPost\TryNextPost.Application\TryNextPost.Application.csproj]
D:\NIMBUSPOST_DOCUMENTATION\TryNextPost\TryNextPost.Application\IServices\Class\Order\OrderService.cs(113,88): warning CS8629: Nullable value type may be null. [D:\NIMBUSPOST_DOCUMENTATION\TryNextPost\TryNextPost.Application\TryNextPost.Application.csproj]
D:\NIMBUSPOST_DOCUMENTATION\TryNextPost\TryNextPost.Application\IServices\Class\Order\OrderService.cs(294,25): warning CS8601: Possible null reference assignment. [D:\NIMBUSPOST_DOCUMENTATION\TryNextPost\TryNextPost.Application\TryNextPost.Application.csproj]
D:\NIMBUSPOST_DOCUMENTATION\TryNextPost\TryNextPost.Application\IServices\Class\Shipment\ShipmentService.cs(325,51): warning CS8604: Possible null reference argument for parameter 'courierCode' in 'bool ICourierAdapterFactory.TryResolve(string courierCode, out ICourierAdapter? adapter)'. [D:\NIMBUSPOST_DOCUMENTATION\TryNextPost\TryNextPost.Application\TryNextPost.Application.csproj]
D:\NIMBUSPOST_DOCUMENTATION\TryNextPost\TryNextPost.Application\IServices\Class\Shipment\ShipmentService.cs(499,51): warning CS8604: Possible null reference argument for parameter 'courierCode' in 'bool ICourierAdapterFactory.TryResolve(string courierCode, out ICourierAdapter? adapter)'. [D:\NIMBUSPOST_DOCUMENTATION\TryNextPost\TryNextPost.Application\TryNextPost.Application.csproj]
D:\NIMBUSPOST_DOCUMENTATION\TryNextPost\TryNextPost.Application\IServices\Class\Shipment\ShipmentService.cs(797,52): warning CS8604: Possible null reference argument for parameter 'courierCode' in 'bool ICourierAdapterFactory.TryResolve(string courierCode, out ICourierAdapter? adapter)'. [D:\NIMBUSPOST_DOCUMENTATION\TryNextPost\TryNextPost.Application\TryNextPost.Application.csproj]
  TryNextPost.Application -> D:\NIMBUSPOST_DOCUMENTATION\TryNextPost\TryNextPost.Application\bin\Debug\net9.0\TryNextPost.Application.dll
D:\NIMBUSPOST_DOCUMENTATION\TryNextPost\TryNextPost.Infrastructure\Service\SellerKycServices.cs(69,83): warning CS8602: Dereference of a possibly null reference. [D:\NIMBUSPOST_DOCUMENTATION\TryNextPost\TryNextPost.Infrastructure\TryNextPost.Infrastructure.csproj]
D:\NIMBUSPOST_DOCUMENTATION\TryNextPost\TryNextPost.Infrastructure\Service\SellerKycServices.cs(69,83): warning CS8604: Possible null reference argument for parameter 'mobile' in 'Task<Otp?> IOtpRepository.GetLatestActiveByMobileAsync(string mobile)'. [D:\NIMBUSPOST_DOCUMENTATION\TryNextPost\TryNextPost.Infrastructure\TryNextPost.Infrastructure.csproj]
D:\NIMBUSPOST_DOCUMENTATION\TryNextPost\TryNextPost.Infrastructure\Service\SellerKycServices.cs(191,64): warning CS8604: Possible null reference argument for parameter 'mobile' in 'Task IOtpRepository.InvalidateActiveOtpsAsync(string mobile)'. [D:\NIMBUSPOST_DOCUMENTATION\TryNextPost\TryNextPost.Infrastructure\TryNextPost.Infrastructure.csproj]
D:\NIMBUSPOST_DOCUMENTATION\TryNextPost\TryNextPost.Infrastructure\Repository\AddressRepository.cs(29,20): warning CS8603: Possible null reference return. [D:\NIMBUSPOST_DOCUMENTATION\TryNextPost\TryNextPost.Infrastructure\TryNextPost.Infrastructure.csproj]
D:\NIMBUSPOST_DOCUMENTATION\TryNextPost\TryNextPost.Infrastructure\Service\EmailService .cs(28,38): warning CS8604: Possible null reference argument for parameter 's' in 'int int.Parse(string s)'. [D:\NIMBUSPOST_DOCUMENTATION\TryNextPost\TryNextPost.Infrastructure\TryNextPost.Infrastructure.csproj]
D:\NIMBUSPOST_DOCUMENTATION\TryNextPost\TryNextPost.Infrastructure\Service\EmailService .cs(35,40): warning CS8604: Possible null reference argument for parameter 'address' in 'MailAddress.MailAddress(string address, string? displayName)'. [D:\NIMBUSPOST_DOCUMENTATION\TryNextPost\TryNextPost.Infrastructure\TryNextPost.Infrastructure.csproj]
D:\NIMBUSPOST_DOCUMENTATION\TryNextPost\TryNextPost.Infrastructure\Service\EmailService .cs(54,38): warning CS8604: Possible null reference argument for parameter 's' in 'int int.Parse(string s)'. [D:\NIMBUSPOST_DOCUMENTATION\TryNextPost\TryNextPost.Infrastructure\TryNextPost.Infrastructure.csproj]
D:\NIMBUSPOST_DOCUMENTATION\TryNextPost\TryNextPost.Infrastructure\Service\EmailService .cs(71,40): warning CS8604: Possible null reference argument for parameter 'address' in 'MailAddress.MailAddress(string address, string? displayName)'. [D:\NIMBUSPOST_DOCUMENTATION\TryNextPost\TryNextPost.Infrastructure\TryNextPost.Infrastructure.csproj]
D:\NIMBUSPOST_DOCUMENTATION\TryNextPost\TryNextPost.Infrastructure\Repository\OrderRepository.cs(34,32): warning CS8602: Dereference of a possibly null reference. [D:\NIMBUSPOST_DOCUMENTATION\TryNextPost\TryNextPost.Infrastructure\TryNextPost.Infrastructure.csproj]
D:\NIMBUSPOST_DOCUMENTATION\TryNextPost\TryNextPost.Infrastructure\Service\EmailService .cs(90,38): warning CS8604: Possible null reference argument for parameter 's' in 'int int.Parse(string s)'. [D:\NIMBUSPOST_DOCUMENTATION\TryNextPost\TryNextPost.Infrastructure\TryNextPost.Infrastructure.csproj]
D:\NIMBUSPOST_DOCUMENTATION\TryNextPost\TryNextPost.Infrastructure\Service\EmailService .cs(109,40): warning CS8604: Possible null reference argument for parameter 'address' in 'MailAddress.MailAddress(string address, string? displayName)'. [D:\NIMBUSPOST_DOCUMENTATION\TryNextPost\TryNextPost.Infrastructure\TryNextPost.Infrastructure.csproj]
D:\NIMBUSPOST_DOCUMENTATION\TryNextPost\TryNextPost.Infrastructure\Service\IdentityService.cs(145,24): warning CS8603: Possible null reference return. [D:\NIMBUSPOST_DOCUMENTATION\TryNextPost\TryNextPost.Infrastructure\TryNextPost.Infrastructure.csproj]
D:\NIMBUSPOST_DOCUMENTATION\TryNextPost\TryNextPost.Infrastructure\Service\IdentityService.cs(148,35): warning CS8603: Possible null reference return. [D:\NIMBUSPOST_DOCUMENTATION\TryNextPost\TryNextPost.Infrastructure\TryNextPost.Infrastructure.csproj]
D:\NIMBUSPOST_DOCUMENTATION\TryNextPost\TryNextPost.Infrastructure\Service\IdentityService.cs(153,25): warning CS8601: Possible null reference assignment. [D:\NIMBUSPOST_DOCUMENTATION\TryNextPost\TryNextPost.Infrastructure\TryNextPost.Infrastructure.csproj]
D:\NIMBUSPOST_DOCUMENTATION\TryNextPost\TryNextPost.Infrastructure\Service\IdentityService.cs(154,31): warning CS8601: Possible null reference assignment. [D:\NIMBUSPOST_DOCUMENTATION\TryNextPost\TryNextPost.Infrastructure\TryNextPost.Infrastructure.csproj]
D:\NIMBUSPOST_DOCUMENTATION\TryNextPost\TryNextPost.Infrastructure\Service\IdentityService.cs(165,25): warning CS8601: Possible null reference assignment. [D:\NIMBUSPOST_DOCUMENTATION\TryNextPost\TryNextPost.Infrastructure\TryNextPost.Infrastructure.csproj]
D:\NIMBUSPOST_DOCUMENTATION\TryNextPost\TryNextPost.Infrastructure\Service\IdentityService.cs(166,31): warning CS8601: Possible null reference assignment. [D:\NIMBUSPOST_DOCUMENTATION\TryNextPost\TryNextPost.Infrastructure\TryNextPost.Infrastructure.csproj]
D:\NIMBUSPOST_DOCUMENTATION\TryNextPost\TryNextPost.Infrastructure\Service\IdentityService.cs(173,38): warning CS8603: Possible null reference return. [D:\NIMBUSPOST_DOCUMENTATION\TryNextPost\TryNextPost.Infrastructure\TryNextPost.Infrastructure.csproj]
D:\NIMBUSPOST_DOCUMENTATION\TryNextPost\TryNextPost.Infrastructure\Service\IdentityService.cs(178,25): warning CS8601: Possible null reference assignment. [D:\NIMBUSPOST_DOCUMENTATION\TryNextPost\TryNextPost.Infrastructure\TryNextPost.Infrastructure.csproj]
D:\NIMBUSPOST_DOCUMENTATION\TryNextPost\TryNextPost.Infrastructure\Service\IdentityService.cs(180,31): warning CS8601: Possible null reference assignment. [D:\NIMBUSPOST_DOCUMENTATION\TryNextPost\TryNextPost.Infrastructure\TryNextPost.Infrastructure.csproj]
D:\NIMBUSPOST_DOCUMENTATION\TryNextPost\TryNextPost.Infrastructure\Service\IdentityService.cs(192,25): warning CS8601: Possible null reference assignment. [D:\NIMBUSPOST_DOCUMENTATION\TryNextPost\TryNextPost.Infrastructure\TryNextPost.Infrastructure.csproj]
D:\NIMBUSPOST_DOCUMENTATION\TryNextPost\TryNextPost.Infrastructure\Service\IdentityService.cs(194,31): warning CS8601: Possible null reference assignment. [D:\NIMBUSPOST_DOCUMENTATION\TryNextPost\TryNextPost.Infrastructure\TryNextPost.Infrastructure.csproj]
D:\NIMBUSPOST_DOCUMENTATION\TryNextPost\TryNextPost.Infrastructure\Repository\SellerRepository.cs(44,20): warning CS8603: Possible null reference return. [D:\NIMBUSPOST_DOCUMENTATION\TryNextPost\TryNextPost.Infrastructure\TryNextPost.Infrastructure.csproj]
D:\NIMBUSPOST_DOCUMENTATION\TryNextPost\TryNextPost.Infrastructure\Service\IdentityService.cs(201,38): warning CS8603: Possible null reference return. [D:\NIMBUSPOST_DOCUMENTATION\TryNextPost\TryNextPost.Infrastructure\TryNextPost.Infrastructure.csproj]
D:\NIMBUSPOST_DOCUMENTATION\TryNextPost\TryNextPost.Infrastructure\Service\IdentityService.cs(206,25): warning CS8601: Possible null reference assignment. [D:\NIMBUSPOST_DOCUMENTATION\TryNextPost\TryNextPost.Infrastructure\TryNextPost.Infrastructure.csproj]
D:\NIMBUSPOST_DOCUMENTATION\TryNextPost\TryNextPost.Infrastructure\Service\IdentityService.cs(208,31): warning CS8601: Possible null reference assignment. [D:\NIMBUSPOST_DOCUMENTATION\TryNextPost\TryNextPost.Infrastructure\TryNextPost.Infrastructure.csproj]
  TryNextPost.Infrastructure -> D:\NIMBUSPOST_DOCUMENTATION\TryNextPost\TryNextPost.Infrastructure\bin\Debug\net9.0\TryNextPost.Infrastructure.dll
D:\NIMBUSPOST_DOCUMENTATION\TryNextPost\TryNextPost.API\Controllers\AuthController.cs(33,65): warning CS8604: Possible null reference argument for parameter 'ipAddress' in 'Task<LoginSuccessResponse> IAuthService.LoginAsync(LoginRequest request, string ipAddress)'. [D:\NIMBUSPOST_DOCUMENTATION\TryNextPost\TryNextPost.API\TryNextPost.API.csproj]
D:\NIMBUSPOST_DOCUMENTATION\TryNextPost\TryNextPost.API\Controllers\SellerController.cs(51,35): warning CS8629: Nullable value type may be null. [D:\NIMBUSPOST_DOCUMENTATION\TryNextPost\TryNextPost.API\TryNextPost.API.csproj]
D:\NIMBUSPOST_DOCUMENTATION\TryNextPost\TryNextPost.API\Controllers\AuthController.cs(56,74): warning CS8604: Possible null reference argument for parameter 'ipAddress' in 'Task<PhoneOtpVerifyResponse> IAuthService.VerifyPhoneOtpAsync(VerifyPhoneOtpRequest request, string ipAddress)'. [D:\NIMBUSPOST_DOCUMENTATION\TryNextPost\TryNextPost.API\TryNextPost.API.csproj]
D:\NIMBUSPOST_DOCUMENTATION\TryNextPost\TryNextPost.API\Controllers\AuthController.cs(64,68): warning CS8604: Possible null reference argument for parameter 'ipAddress' in 'Task<LoginSuccessResponse> IAuthService.RegisterAsync(RegisterRequest request, string ipAddress)'. [D:\NIMBUSPOST_DOCUMENTATION\TryNextPost\TryNextPost.API\TryNextPost.API.csproj]
D:\NIMBUSPOST_DOCUMENTATION\TryNextPost\TryNextPost.API\Controllers\Order\OrderController.cs(99,24): warning CS8625: Cannot convert null literal to non-nullable reference type. [D:\NIMBUSPOST_DOCUMENTATION\TryNextPost\TryNextPost.API\TryNextPost.API.csproj]
D:\NIMBUSPOST_DOCUMENTATION\TryNextPost\TryNextPost.API\Controllers\SellerController.cs(82,35): warning CS8629: Nullable value type may be null. [D:\NIMBUSPOST_DOCUMENTATION\TryNextPost\TryNextPost.API\TryNextPost.API.csproj]
D:\NIMBUSPOST_DOCUMENTATION\TryNextPost\TryNextPost.API\Controllers\Order\OrderController.cs(116,24): warning CS8625: Cannot convert null literal to non-nullable reference type. [D:\NIMBUSPOST_DOCUMENTATION\TryNextPost\TryNextPost.API\TryNextPost.API.csproj]
D:\NIMBUSPOST_DOCUMENTATION\TryNextPost\TryNextPost.API\Program.cs(247,28): warning CS8604: Possible null reference argument for parameter 'origins' in 'CorsPolicyBuilder CorsPolicyBuilder.WithOrigins(params string[] origins)'. [D:\NIMBUSPOST_DOCUMENTATION\TryNextPost\TryNextPost.API\TryNextPost.API.csproj]
C:\Program Files\dotnet\sdk\10.0.100\Microsoft.Common.CurrentVersion.targets(5080,5): warning MSB3026: Could not copy "D:\NIMBUSPOST_DOCUMENTATION\TryNextPost\TryNextPost.Domain\bin\Debug\net9.0\TryNextPost.Domain.dll" to "bin\Debug\net9.0\TryNextPost.Domain.dll". Beginning retry 1 in 1000ms. The process cannot access the file 'D:\NIMBUSPOST_DOCUMENTATION\TryNextPost\TryNextPost.API\bin\Debug\net9.0\TryNextPost.Domain.dll' because it is being used by another process. The file is locked by: "Microsoft Visual Studio 2022 (12792), TryNextPost.API (20588)" [D:\NIMBUSPOST_DOCUMENTATION\TryNextPost\TryNextPost.API\TryNextPost.API.csproj]
C:\Program Files\dotnet\sdk\10.0.100\Microsoft.Common.CurrentVersion.targets(5080,5): warning MSB3026: Could not copy "D:\NIMBUSPOST_DOCUMENTATION\TryNextPost\TryNextPost.Infrastructure\bin\Debug\net9.0\TryNextPost.Infrastructure.dll" to "bin\Debug\net9.0\TryNextPost.Infrastructure.dll". Beginning retry 1 in 1000ms. The process cannot access the file 'D:\NIMBUSPOST_DOCUMENTATION\TryNextPost\TryNextPost.API\bin\Debug\net9.0\TryNextPost.Infrastructure.dll' because it is being used by another process. The file is locked by: "Microsoft Visual Studio 2022 (12792), TryNextPost.API (20588)" [D:\NIMBUSPOST_DOCUMENTATION\TryNextPost\TryNextPost.API\TryNextPost.API.csproj]
C:\Program Files\dotnet\sdk\10.0.100\Microsoft.Common.CurrentVersion.targets(5080,5): warning MSB3026: Could not copy "D:\NIMBUSPOST_DOCUMENTATION\TryNextPost\TryNextPost.Application\bin\Debug\net9.0\TryNextPost.Application.dll" to "bin\Debug\net9.0\TryNextPost.Application.dll". Beginning retry 1 in 1000ms. The process cannot access the file 'D:\NIMBUSPOST_DOCUMENTATION\TryNextPost\TryNextPost.API\bin\Debug\net9.0\TryNextPost.Application.dll' because it is being used by another process. The file is locked by: "Microsoft Visual Studio 2022 (12792), TryNextPost.API (20588)" [D:\NIMBUSPOST_DOCUMENTATION\TryNextPost\TryNextPost.API\TryNextPost.API.csproj]
C:\Program Files\dotnet\sdk\10.0.100\Microsoft.Common.CurrentVersion.targets(5080,5): warning MSB3026: Could not copy "D:\NIMBUSPOST_DOCUMENTATION\TryNextPost\TryNextPost.Domain\bin\Debug\net9.0\TryNextPost.Domain.dll" to "bin\Debug\net9.0\TryNextPost.Domain.dll". Beginning retry 2 in 1000ms. The process cannot access the file 'D:\NIMBUSPOST_DOCUMENTATION\TryNextPost\TryNextPost.API\bin\Debug\net9.0\TryNextPost.Domain.dll' because it is being used by another process. The file is locked by: "Microsoft Visual Studio 2022 (12792), TryNextPost.API (20588)" [D:\NIMBUSPOST_DOCUMENTATION\TryNextPost\TryNextPost.API\TryNextPost.API.csproj]
C:\Program Files\dotnet\sdk\10.0.100\Microsoft.Common.CurrentVersion.targets(5080,5): warning MSB3026: Could not copy "D:\NIMBUSPOST_DOCUMENTATION\TryNextPost\TryNextPost.Application\bin\Debug\net9.0\TryNextPost.Application.dll" to "bin\Debug\net9.0\TryNextPost.Application.dll". Beginning retry 2 in 1000ms. The process cannot access the file 'D:\NIMBUSPOST_DOCUMENTATION\TryNextPost\TryNextPost.API\bin\Debug\net9.0\TryNextPost.Application.dll' because it is being used by another process. The file is locked by: "Microsoft Visual Studio 2022 (12792), TryNextPost.API (20588)" [D:\NIMBUSPOST_DOCUMENTATION\TryNextPost\TryNextPost.API\TryNextPost.API.csproj]
C:\Program Files\dotnet\sdk\10.0.100\Microsoft.Common.CurrentVersion.targets(5080,5): warning MSB3026: Could not copy "D:\NIMBUSPOST_DOCUMENTATION\TryNextPost\TryNextPost.Infrastructure\bin\Debug\net9.0\TryNextPost.Infrastructure.dll" to "bin\Debug\net9.0\TryNextPost.Infrastructure.dll". Beginning retry 2 in 1000ms. The process cannot access the file 'D:\NIMBUSPOST_DOCUMENTATION\TryNextPost\TryNextPost.API\bin\Debug\net9.0\TryNextPost.Infrastructure.dll' because it is being used by another process. The file is locked by: "Microsoft Visual Studio 2022 (12792), TryNextPost.API (20588)" [D:\NIMBUSPOST_DOCUMENTATION\TryNextPost\TryNextPost.API\TryNextPost.API.csproj]
C:\Program Files\dotnet\sdk\10.0.100\Microsoft.Common.CurrentVersion.targets(5080,5): warning MSB3026: Could not copy "D:\NIMBUSPOST_DOCUMENTATION\TryNextPost\TryNextPost.Domain\bin\Debug\net9.0\TryNextPost.Domain.dll" to "bin\Debug\net9.0\TryNextPost.Domain.dll". Beginning retry 3 in 1000ms. The process cannot access the file 'D:\NIMBUSPOST_DOCUMENTATION\TryNextPost\TryNextPost.API\bin\Debug\net9.0\TryNextPost.Domain.dll' because it is being used by another process. The file is locked by: "Microsoft Visual Studio 2022 (12792), TryNextPost.API (20588)" [D:\NIMBUSPOST_DOCUMENTATION\TryNextPost\TryNextPost.API\TryNextPost.API.csproj]
C:\Program Files\dotnet\sdk\10.0.100\Microsoft.Common.CurrentVersion.targets(5080,5): warning MSB3026: Could not copy "D:\NIMBUSPOST_DOCUMENTATION\TryNextPost\TryNextPost.Application\bin\Debug\net9.0\TryNextPost.Application.dll" to "bin\Debug\net9.0\TryNextPost.Application.dll". Beginning retry 3 in 1000ms. The process cannot access the file 'D:\NIMBUSPOST_DOCUMENTATION\TryNextPost\TryNextPost.API\bin\Debug\net9.0\TryNextPost.Application.dll' because it is being used by another process. The file is locked by: "Microsoft Visual Studio 2022 (12792), TryNextPost.API (20588)" [D:\NIMBUSPOST_DOCUMENTATION\TryNextPost\TryNextPost.API\TryNextPost.API.csproj]
C:\Program Files\dotnet\sdk\10.0.100\Microsoft.Common.CurrentVersion.targets(5080,5): warning MSB3026: Could not copy "D:\NIMBUSPOST_DOCUMENTATION\TryNextPost\TryNextPost.Infrastructure\bin\Debug\net9.0\TryNextPost.Infrastructure.dll" to "bin\Debug\net9.0\TryNextPost.Infrastructure.dll". Beginning retry 3 in 1000ms. The process cannot access the file 'D:\NIMBUSPOST_DOCUMENTATION\TryNextPost\TryNextPost.API\bin\Debug\net9.0\TryNextPost.Infrastructure.dll' because it is being used by another process. The file is locked by: "Microsoft Visual Studio 2022 (12792), TryNextPost.API (20588)" [D:\NIMBUSPOST_DOCUMENTATION\TryNextPost\TryNextPost.API\TryNextPost.API.csproj]
C:\Program Files\dotnet\sdk\10.0.100\Microsoft.Common.CurrentVersion.targets(5080,5): warning MSB3026: Could not copy "D:\NIMBUSPOST_DOCUMENTATION\TryNextPost\TryNextPost.Domain\bin\Debug\net9.0\TryNextPost.Domain.dll" to "bin\Debug\net9.0\TryNextPost.Domain.dll". Beginning retry 4 in 1000ms. The process cannot access the file 'D:\NIMBUSPOST_DOCUMENTATION\TryNextPost\TryNextPost.API\bin\Debug\net9.0\TryNextPost.Domain.dll' because it is being used by another process. The file is locked by: "Microsoft Visual Studio 2022 (12792), TryNextPost.API (20588)" [D:\NIMBUSPOST_DOCUMENTATION\TryNextPost\TryNextPost.API\TryNextPost.API.csproj]
C:\Program Files\dotnet\sdk\10.0.100\Microsoft.Common.CurrentVersion.targets(5080,5): warning MSB3026: Could not copy "D:\NIMBUSPOST_DOCUMENTATION\TryNextPost\TryNextPost.Application\bin\Debug\net9.0\TryNextPost.Application.dll" to "bin\Debug\net9.0\TryNextPost.Application.dll". Beginning retry 4 in 1000ms. The process cannot access the file 'D:\NIMBUSPOST_DOCUMENTATION\TryNextPost\TryNextPost.API\bin\Debug\net9.0\TryNextPost.Application.dll' because it is being used by another process. The file is locked by: "Microsoft Visual Studio 2022 (12792), TryNextPost.API (20588)" [D:\NIMBUSPOST_DOCUMENTATION\TryNextPost\TryNextPost.API\TryNextPost.API.csproj]
C:\Program Files\dotnet\sdk\10.0.100\Microsoft.Common.CurrentVersion.targets(5080,5): warning MSB3026: Could not copy "D:\NIMBUSPOST_DOCUMENTATION\TryNextPost\TryNextPost.Infrastructure\bin\Debug\net9.0\TryNextPost.Infrastructure.dll" to "bin\Debug\net9.0\TryNextPost.Infrastructure.dll". Beginning retry 4 in 1000ms. The process cannot access the file 'D:\NIMBUSPOST_DOCUMENTATION\TryNextPost\TryNextPost.API\bin\Debug\net9.0\TryNextPost.Infrastructure.dll' because it is being used by another process. The file is locked by: "Microsoft Visual Studio 2022 (12792), TryNextPost.API (20588)" [D:\NIMBUSPOST_DOCUMENTATION\TryNextPost\TryNextPost.API\TryNextPost.API.csproj]
C:\Program Files\dotnet\sdk\10.0.100\Microsoft.Common.CurrentVersion.targets(5080,5): warning MSB3026: Could not copy "D:\NIMBUSPOST_DOCUMENTATION\TryNextPost\TryNextPost.Domain\bin\Debug\net9.0\TryNextPost.Domain.dll" to "bin\Debug\net9.0\TryNextPost.Domain.dll". Beginning retry 5 in 1000ms. The process cannot access the file 'D:\NIMBUSPOST_DOCUMENTATION\TryNextPost\TryNextPost.API\bin\Debug\net9.0\TryNextPost.Domain.dll' because it is being used by another process. The file is locked by: "Microsoft Visual Studio 2022 (12792), TryNextPost.API (20588)" [D:\NIMBUSPOST_DOCUMENTATION\TryNextPost\TryNextPost.API\TryNextPost.API.csproj]
C:\Program Files\dotnet\sdk\10.0.100\Microsoft.Common.CurrentVersion.targets(5080,5): warning MSB3026: Could not copy "D:\NIMBUSPOST_DOCUMENTATION\TryNextPost\TryNextPost.Infrastructure\bin\Debug\net9.0\TryNextPost.Infrastructure.dll" to "bin\Debug\net9.0\TryNextPost.Infrastructure.dll". Beginning retry 5 in 1000ms. The process cannot access the file 'D:\NIMBUSPOST_DOCUMENTATION\TryNextPost\TryNextPost.API\bin\Debug\net9.0\TryNextPost.Infrastructure.dll' because it is being used by another process. The file is locked by: "Microsoft Visual Studio 2022 (12792), TryNextPost.API (20588)" [D:\NIMBUSPOST_DOCUMENTATION\TryNextPost\TryNextPost.API\TryNextPost.API.csproj]
C:\Program Files\dotnet\sdk\10.0.100\Microsoft.Common.CurrentVersion.targets(5080,5): warning MSB3026: Could not copy "D:\NIMBUSPOST_DOCUMENTATION\TryNextPost\TryNextPost.Application\bin\Debug\net9.0\TryNextPost.Application.dll" to "bin\Debug\net9.0\TryNextPost.Application.dll". Beginning retry 5 in 1000ms. The process cannot access the file 'D:\NIMBUSPOST_DOCUMENTATION\TryNextPost\TryNextPost.API\bin\Debug\net9.0\TryNextPost.Application.dll' because it is being used by another process. The file is locked by: "Microsoft Visual Studio 2022 (12792), TryNextPost.API (20588)" [D:\NIMBUSPOST_DOCUMENTATION\TryNextPost\TryNextPost.API\TryNextPost.API.csproj]
C:\Program Files\dotnet\sdk\10.0.100\Microsoft.Common.CurrentVersion.targets(5080,5): warning MSB3026: Could not copy "D:\NIMBUSPOST_DOCUMENTATION\TryNextPost\TryNextPost.Domain\bin\Debug\net9.0\TryNextPost.Domain.dll" to "bin\Debug\net9.0\TryNextPost.Domain.dll". Beginning retry 6 in 1000ms. The process cannot access the file 'D:\NIMBUSPOST_DOCUMENTATION\TryNextPost\TryNextPost.API\bin\Debug\net9.0\TryNextPost.Domain.dll' because it is being used by another process. The file is locked by: "Microsoft Visual Studio 2022 (12792), TryNextPost.API (20588)" [D:\NIMBUSPOST_DOCUMENTATION\TryNextPost\TryNextPost.API\TryNextPost.API.csproj]
C:\Program Files\dotnet\sdk\10.0.100\Microsoft.Common.CurrentVersion.targets(5080,5): warning MSB3026: Could not copy "D:\NIMBUSPOST_DOCUMENTATION\TryNextPost\TryNextPost.Application\bin\Debug\net9.0\TryNextPost.Application.dll" to "bin\Debug\net9.0\TryNextPost.Application.dll". Beginning retry 6 in 1000ms. The process cannot access the file 'D:\NIMBUSPOST_DOCUMENTATION\TryNextPost\TryNextPost.API\bin\Debug\net9.0\TryNextPost.Application.dll' because it is being used by another process. The file is locked by: "Microsoft Visual Studio 2022 (12792), TryNextPost.API (20588)" [D:\NIMBUSPOST_DOCUMENTATION\TryNextPost\TryNextPost.API\TryNextPost.API.csproj]
C:\Program Files\dotnet\sdk\10.0.100\Microsoft.Common.CurrentVersion.targets(5080,5): warning MSB3026: Could not copy "D:\NIMBUSPOST_DOCUMENTATION\TryNextPost\TryNextPost.Infrastructure\bin\Debug\net9.0\TryNextPost.Infrastructure.dll" to "bin\Debug\net9.0\TryNextPost.Infrastructure.dll". Beginning retry 6 in 1000ms. The process cannot access the file 'D:\NIMBUSPOST_DOCUMENTATION\TryNextPost\TryNextPost.API\bin\Debug\net9.0\TryNextPost.Infrastructure.dll' because it is being used by another process. The file is locked by: "Microsoft Visual Studio 2022 (12792), TryNextPost.API (20588)" [D:\NIMBUSPOST_DOCUMENTATION\TryNextPost\TryNextPost.API\TryNextPost.API.csproj]
C:\Program Files\dotnet\sdk\10.0.100\Microsoft.Common.CurrentVersion.targets(5080,5): warning MSB3026: Could not copy "D:\NIMBUSPOST_DOCUMENTATION\TryNextPost\TryNextPost.Domain\bin\Debug\net9.0\TryNextPost.Domain.dll" to "bin\Debug\net9.0\TryNextPost.Domain.dll". Beginning retry 7 in 1000ms. The process cannot access the file 'D:\NIMBUSPOST_DOCUMENTATION\TryNextPost\TryNextPost.API\bin\Debug\net9.0\TryNextPost.Domain.dll' because it is being used by another process. The file is locked by: "Microsoft Visual Studio 2022 (12792), TryNextPost.API (20588)" [D:\NIMBUSPOST_DOCUMENTATION\TryNextPost\TryNextPost.API\TryNextPost.API.csproj]
C:\Program Files\dotnet\sdk\10.0.100\Microsoft.Common.CurrentVersion.targets(5080,5): warning MSB3026: Could not copy "D:\NIMBUSPOST_DOCUMENTATION\TryNextPost\TryNextPost.Application\bin\Debug\net9.0\TryNextPost.Application.dll" to "bin\Debug\net9.0\TryNextPost.Application.dll". Beginning retry 7 in 1000ms. The process cannot access the file 'D:\NIMBUSPOST_DOCUMENTATION\TryNextPost\TryNextPost.API\bin\Debug\net9.0\TryNextPost.Application.dll' because it is being used by another process. The file is locked by: "Microsoft Visual Studio 2022 (12792), TryNextPost.API (20588)" [D:\NIMBUSPOST_DOCUMENTATION\TryNextPost\TryNextPost.API\TryNextPost.API.csproj]
C:\Program Files\dotnet\sdk\10.0.100\Microsoft.Common.CurrentVersion.targets(5080,5): warning MSB3026: Could not copy "D:\NIMBUSPOST_DOCUMENTATION\TryNextPost\TryNextPost.Infrastructure\bin\Debug\net9.0\TryNextPost.Infrastructure.dll" to "bin\Debug\net9.0\TryNextPost.Infrastructure.dll". Beginning retry 7 in 1000ms. The process cannot access the file 'D:\NIMBUSPOST_DOCUMENTATION\TryNextPost\TryNextPost.API\bin\Debug\net9.0\TryNextPost.Infrastructure.dll' because it is being used by another process. The file is locked by: "Microsoft Visual Studio 2022 (12792), TryNextPost.API (20588)" [D:\NIMBUSPOST_DOCUMENTATION\TryNextPost\TryNextPost.API\TryNextPost.API.csproj]
C:\Program Files\dotnet\sdk\10.0.100\Microsoft.Common.CurrentVersion.targets(5080,5): warning MSB3026: Could not copy "D:\NIMBUSPOST_DOCUMENTATION\TryNextPost\TryNextPost.Domain\bin\Debug\net9.0\TryNextPost.Domain.dll" to "bin\Debug\net9.0\TryNextPost.Domain.dll". Beginning retry 8 in 1000ms. The process cannot access the file 'D:\NIMBUSPOST_DOCUMENTATION\TryNextPost\TryNextPost.API\bin\Debug\net9.0\TryNextPost.Domain.dll' because it is being used by another process. The file is locked by: "Microsoft Visual Studio 2022 (12792), TryNextPost.API (20588)" [D:\NIMBUSPOST_DOCUMENTATION\TryNextPost\TryNextPost.API\TryNextPost.API.csproj]
C:\Program Files\dotnet\sdk\10.0.100\Microsoft.Common.CurrentVersion.targets(5080,5): warning MSB3026: Could not copy "D:\NIMBUSPOST_DOCUMENTATION\TryNextPost\TryNextPost.Infrastructure\bin\Debug\net9.0\TryNextPost.Infrastructure.dll" to "bin\Debug\net9.0\TryNextPost.Infrastructure.dll". Beginning retry 8 in 1000ms. The process cannot access the file 'D:\NIMBUSPOST_DOCUMENTATION\TryNextPost\TryNextPost.API\bin\Debug\net9.0\TryNextPost.Infrastructure.dll' because it is being used by another process. The file is locked by: "Microsoft Visual Studio 2022 (12792), TryNextPost.API (20588)" [D:\NIMBUSPOST_DOCUMENTATION\TryNextPost\TryNextPost.API\TryNextPost.API.csproj]
C:\Program Files\dotnet\sdk\10.0.100\Microsoft.Common.CurrentVersion.targets(5080,5): warning MSB3026: Could not copy "D:\NIMBUSPOST_DOCUMENTATION\TryNextPost\TryNextPost.Application\bin\Debug\net9.0\TryNextPost.Application.dll" to "bin\Debug\net9.0\TryNextPost.Application.dll". Beginning retry 8 in 1000ms. The process cannot access the file 'D:\NIMBUSPOST_DOCUMENTATION\TryNextPost\TryNextPost.API\bin\Debug\net9.0\TryNextPost.Application.dll' because it is being used by another process. The file is locked by: "Microsoft Visual Studio 2022 (12792), TryNextPost.API (20588)" [D:\NIMBUSPOST_DOCUMENTATION\TryNextPost\TryNextPost.API\TryNextPost.API.csproj]
C:\Program Files\dotnet\sdk\10.0.100\Microsoft.Common.CurrentVersion.targets(5080,5): warning MSB3026: Could not copy "D:\NIMBUSPOST_DOCUMENTATION\TryNextPost\TryNextPost.Domain\bin\Debug\net9.0\TryNextPost.Domain.dll" to "bin\Debug\net9.0\TryNextPost.Domain.dll". Beginning retry 9 in 1000ms. The process cannot access the file 'D:\NIMBUSPOST_DOCUMENTATION\TryNextPost\TryNextPost.API\bin\Debug\net9.0\TryNextPost.Domain.dll' because it is being used by another process. The file is locked by: "Microsoft Visual Studio 2022 (12792), TryNextPost.API (20588)" [D:\NIMBUSPOST_DOCUMENTATION\TryNextPost\TryNextPost.API\TryNextPost.API.csproj]
C:\Program Files\dotnet\sdk\10.0.100\Microsoft.Common.CurrentVersion.targets(5080,5): warning MSB3026: Could not copy "D:\NIMBUSPOST_DOCUMENTATION\TryNextPost\TryNextPost.Infrastructure\bin\Debug\net9.0\TryNextPost.Infrastructure.dll" to "bin\Debug\net9.0\TryNextPost.Infrastructure.dll". Beginning retry 9 in 1000ms. The process cannot access the file 'D:\NIMBUSPOST_DOCUMENTATION\TryNextPost\TryNextPost.API\bin\Debug\net9.0\TryNextPost.Infrastructure.dll' because it is being used by another process. The file is locked by: "Microsoft Visual Studio 2022 (12792), TryNextPost.API (20588)" [D:\NIMBUSPOST_DOCUMENTATION\TryNextPost\TryNextPost.API\TryNextPost.API.csproj]
C:\Program Files\dotnet\sdk\10.0.100\Microsoft.Common.CurrentVersion.targets(5080,5): warning MSB3026: Could not copy "D:\NIMBUSPOST_DOCUMENTATION\TryNextPost\TryNextPost.Application\bin\Debug\net9.0\TryNextPost.Application.dll" to "bin\Debug\net9.0\TryNextPost.Application.dll". Beginning retry 9 in 1000ms. The process cannot access the file 'D:\NIMBUSPOST_DOCUMENTATION\TryNextPost\TryNextPost.API\bin\Debug\net9.0\TryNextPost.Application.dll' because it is being used by another process. The file is locked by: "Microsoft Visual Studio 2022 (12792), TryNextPost.API (20588)" [D:\NIMBUSPOST_DOCUMENTATION\TryNextPost\TryNextPost.API\TryNextPost.API.csproj]
C:\Program Files\dotnet\sdk\10.0.100\Microsoft.Common.CurrentVersion.targets(5080,5): warning MSB3026: Could not copy "D:\NIMBUSPOST_DOCUMENTATION\TryNextPost\TryNextPost.Domain\bin\Debug\net9.0\TryNextPost.Domain.dll" to "bin\Debug\net9.0\TryNextPost.Domain.dll". Beginning retry 10 in 1000ms. The process cannot access the file 'D:\NIMBUSPOST_DOCUMENTATION\TryNextPost\TryNextPost.API\bin\Debug\net9.0\TryNextPost.Domain.dll' because it is being used by another process. The file is locked by: "Microsoft Visual Studio 2022 (12792), TryNextPost.API (20588)" [D:\NIMBUSPOST_DOCUMENTATION\TryNextPost\TryNextPost.API\TryNextPost.API.csproj]
C:\Program Files\dotnet\sdk\10.0.100\Microsoft.Common.CurrentVersion.targets(5080,5): warning MSB3026: Could not copy "D:\NIMBUSPOST_DOCUMENTATION\TryNextPost\TryNextPost.Infrastructure\bin\Debug\net9.0\TryNextPost.Infrastructure.dll" to "bin\Debug\net9.0\TryNextPost.Infrastructure.dll". Beginning retry 10 in 1000ms. The process cannot access the file 'D:\NIMBUSPOST_DOCUMENTATION\TryNextPost\TryNextPost.API\bin\Debug\net9.0\TryNextPost.Infrastructure.dll' because it is being used by another process. The file is locked by: "Microsoft Visual Studio 2022 (12792), TryNextPost.API (20588)" [D:\NIMBUSPOST_DOCUMENTATION\TryNextPost\TryNextPost.API\TryNextPost.API.csproj]
C:\Program Files\dotnet\sdk\10.0.100\Microsoft.Common.CurrentVersion.targets(5080,5): warning MSB3026: Could not copy "D:\NIMBUSPOST_DOCUMENTATION\TryNextPost\TryNextPost.Application\bin\Debug\net9.0\TryNextPost.Application.dll" to "bin\Debug\net9.0\TryNextPost.Application.dll". Beginning retry 10 in 1000ms. The process cannot access the file 'D:\NIMBUSPOST_DOCUMENTATION\TryNextPost\TryNextPost.API\bin\Debug\net9.0\TryNextPost.Application.dll' because it is being used by another process. The file is locked by: "Microsoft Visual Studio 2022 (12792), TryNextPost.API (20588)" [D:\NIMBUSPOST_DOCUMENTATION\TryNextPost\TryNextPost.API\TryNextPost.API.csproj]
C:\Program Files\dotnet\sdk\10.0.100\Microsoft.Common.CurrentVersion.targets(5080,5): error MSB3027: Could not copy "D:\NIMBUSPOST_DOCUMENTATION\TryNextPost\TryNextPost.Domain\bin\Debug\net9.0\TryNextPost.Domain.dll" to "bin\Debug\net9.0\TryNextPost.Domain.dll". Exceeded retry count of 10. Failed. The file is locked by: "Microsoft Visual Studio 2022 (12792), TryNextPost.API (20588)" [D:\NIMBUSPOST_DOCUMENTATION\TryNextPost\TryNextPost.API\TryNextPost.API.csproj]
C:\Program Files\dotnet\sdk\10.0.100\Microsoft.Common.CurrentVersion.targets(5080,5): error MSB3021: Unable to copy file "D:\NIMBUSPOST_DOCUMENTATION\TryNextPost\TryNextPost.Domain\bin\Debug\net9.0\TryNextPost.Domain.dll" to "bin\Debug\net9.0\TryNextPost.Domain.dll". The process cannot access the file 'D:\NIMBUSPOST_DOCUMENTATION\TryNextPost\TryNextPost.API\bin\Debug\net9.0\TryNextPost.Domain.dll' because it is being used by another process. [D:\NIMBUSPOST_DOCUMENTATION\TryNextPost\TryNextPost.API\TryNextPost.API.csproj]
C:\Program Files\dotnet\sdk\10.0.100\Microsoft.Common.CurrentVersion.targets(5080,5): error MSB3027: Could not copy "D:\NIMBUSPOST_DOCUMENTATION\TryNextPost\TryNextPost.Infrastructure\bin\Debug\net9.0\TryNextPost.Infrastructure.dll" to "bin\Debug\net9.0\TryNextPost.Infrastructure.dll". Exceeded retry count of 10. Failed. The file is locked by: "Microsoft Visual Studio 2022 (12792), TryNextPost.API (20588)" [D:\NIMBUSPOST_DOCUMENTATION\TryNextPost\TryNextPost.API\TryNextPost.API.csproj]
C:\Program Files\dotnet\sdk\10.0.100\Microsoft.Common.CurrentVersion.targets(5080,5): error MSB3021: Unable to copy file "D:\NIMBUSPOST_DOCUMENTATION\TryNextPost\TryNextPost.Infrastructure\bin\Debug\net9.0\TryNextPost.Infrastructure.dll" to "bin\Debug\net9.0\TryNextPost.Infrastructure.dll". The process cannot access the file 'D:\NIMBUSPOST_DOCUMENTATION\TryNextPost\TryNextPost.API\bin\Debug\net9.0\TryNextPost.Infrastructure.dll' because it is being used by another process. [D:\NIMBUSPOST_DOCUMENTATION\TryNextPost\TryNextPost.API\TryNextPost.API.csproj]
C:\Program Files\dotnet\sdk\10.0.100\Microsoft.Common.CurrentVersion.targets(5080,5): error MSB3027: Could not copy "D:\NIMBUSPOST_DOCUMENTATION\TryNextPost\TryNextPost.Application\bin\Debug\net9.0\TryNextPost.Application.dll" to "bin\Debug\net9.0\TryNextPost.Application.dll". Exceeded retry count of 10. Failed. The file is locked by: "Microsoft Visual Studio 2022 (12792), TryNextPost.API (20588)" [D:\NIMBUSPOST_DOCUMENTATION\TryNextPost\TryNextPost.API\TryNextPost.API.csproj]
C:\Program Files\dotnet\sdk\10.0.100\Microsoft.Common.CurrentVersion.targets(5080,5): error MSB3021: Unable to copy file "D:\NIMBUSPOST_DOCUMENTATION\TryNextPost\TryNextPost.Application\bin\Debug\net9.0\TryNextPost.Application.dll" to "bin\Debug\net9.0\TryNextPost.Application.dll". The process cannot access the file 'D:\NIMBUSPOST_DOCUMENTATION\TryNextPost\TryNextPost.API\bin\Debug\net9.0\TryNextPost.Application.dll' because it is being used by another process. [D:\NIMBUSPOST_DOCUMENTATION\TryNextPost\TryNextPost.API\TryNextPost.API.csproj]

Build FAILED.

D:\NIMBUSPOST_DOCUMENTATION\TryNextPost\TryNextPost.Domain\Entities\BusinessType.cs(16,23): warning CS8618: Non-nullable property 'Name' must contain a non-null value when exiting constructor. Consider adding the 'required' modifier or declaring the property as nullable. [D:\NIMBUSPOST_DOCUMENTATION\TryNextPost\TryNextPost.Domain\TryNextPost.Domain.csproj]
D:\NIMBUSPOST_DOCUMENTATION\TryNextPost\TryNextPost.Domain\Entities\Address.cs(21,28): warning CS8618: Non-nullable property 'Company' must contain a non-null value when exiting constructor. Consider adding the 'required' modifier or declaring the property as nullable. [D:\NIMBUSPOST_DOCUMENTATION\TryNextPost\TryNextPost.Domain\TryNextPost.Domain.csproj]
D:\NIMBUSPOST_DOCUMENTATION\TryNextPost\TryNextPost.Domain\Entities\CompanyInfo.cs(19,37): warning CS8618: Non-nullable property 'Addresses' must contain a non-null value when exiting constructor. Consider adding the 'required' modifier or declaring the property as nullable. [D:\NIMBUSPOST_DOCUMENTATION\TryNextPost\TryNextPost.Domain\TryNextPost.Domain.csproj]
D:\NIMBUSPOST_DOCUMENTATION\TryNextPost\TryNextPost.Domain\Entities\SellerDocument.cs(18,23): warning CS8618: Non-nullable property 'SellerId' must contain a non-null value when exiting constructor. Consider adding the 'required' modifier or declaring the property as nullable. [D:\NIMBUSPOST_DOCUMENTATION\TryNextPost\TryNextPost.Domain\TryNextPost.Domain.csproj]
D:\NIMBUSPOST_DOCUMENTATION\TryNextPost\TryNextPost.Domain\Entities\SellerKYC.cs(16,23): warning CS8618: Non-nullable property 'SellerId' must contain a non-null value when exiting constructor. Consider adding the 'required' modifier or declaring the property as nullable. [D:\NIMBUSPOST_DOCUMENTATION\TryNextPost\TryNextPost.Domain\TryNextPost.Domain.csproj]
D:\NIMBUSPOST_DOCUMENTATION\TryNextPost\TryNextPost.Domain\Entities\SellerKYC.cs(26,23): warning CS8618: Non-nullable property 'KYCStatus' must contain a non-null value when exiting constructor. Consider adding the 'required' modifier or declaring the property as nullable. [D:\NIMBUSPOST_DOCUMENTATION\TryNextPost\TryNextPost.Domain\TryNextPost.Domain.csproj]
D:\NIMBUSPOST_DOCUMENTATION\TryNextPost\TryNextPost.Domain\Entities\UserSession.cs(13,23): warning CS8618: Non-nullable property 'UserId' must contain a non-null value when exiting constructor. Consider adding the 'required' modifier or declaring the property as nullable. [D:\NIMBUSPOST_DOCUMENTATION\TryNextPost\TryNextPost.Domain\TryNextPost.Domain.csproj]
D:\NIMBUSPOST_DOCUMENTATION\TryNextPost\TryNextPost.Domain\Entities\UserSession.cs(15,23): warning CS8618: Non-nullable property 'DeviceId' must contain a non-null value when exiting constructor. Consider adding the 'required' modifier or declaring the property as nullable. [D:\NIMBUSPOST_DOCUMENTATION\TryNextPost\TryNextPost.Domain\TryNextPost.Domain.csproj]
D:\NIMBUSPOST_DOCUMENTATION\TryNextPost\TryNextPost.Domain\Entities\UserSession.cs(17,23): warning CS8618: Non-nullable property 'IpAddress' must contain a non-null value when exiting constructor. Consider adding the 'required' modifier or declaring the property as nullable. [D:\NIMBUSPOST_DOCUMENTATION\TryNextPost\TryNextPost.Domain\TryNextPost.Domain.csproj]
D:\NIMBUSPOST_DOCUMENTATION\TryNextPost\TryNextPost.Domain\Entities\UserSession.cs(19,23): warning CS8618: Non-nullable property 'JwtToken' must contain a non-null value when exiting constructor. Consider adding the 'required' modifier or declaring the property as nullable. [D:\NIMBUSPOST_DOCUMENTATION\TryNextPost\TryNextPost.Domain\TryNextPost.Domain.csproj]
D:\NIMBUSPOST_DOCUMENTATION\TryNextPost\TryNextPost.Application\DTO\Auth\VerifyPhoneOtpRequest.cs(11,23): warning CS8618: Non-nullable property 'Mobile' must contain a non-null value when exiting constructor. Consider adding the 'required' modifier or declaring the property as nullable. [D:\NIMBUSPOST_DOCUMENTATION\TryNextPost\TryNextPost.Application\TryNextPost.Application.csproj]
D:\NIMBUSPOST_DOCUMENTATION\TryNextPost\TryNextPost.Application\DTO\Auth\VerifyPhoneOtpRequest.cs(12,23): warning CS8618: Non-nullable property 'Otp' must contain a non-null value when exiting constructor. Consider adding the 'required' modifier or declaring the property as nullable. [D:\NIMBUSPOST_DOCUMENTATION\TryNextPost\TryNextPost.Application\TryNextPost.Application.csproj]
D:\NIMBUSPOST_DOCUMENTATION\TryNextPost\TryNextPost.Application\DTO\Auth\VerifyPhoneOtpRequest.cs(13,23): warning CS8618: Non-nullable property 'DeviceId' must contain a non-null value when exiting constructor. Consider adding the 'required' modifier or declaring the property as nullable. [D:\NIMBUSPOST_DOCUMENTATION\TryNextPost\TryNextPost.Application\TryNextPost.Application.csproj]
D:\NIMBUSPOST_DOCUMENTATION\TryNextPost\TryNextPost.Application\DTO\Common\ApiResponse.cs(13,23): warning CS8618: Non-nullable property 'Message' must contain a non-null value when exiting constructor. Consider adding the 'required' modifier or declaring the property as nullable. [D:\NIMBUSPOST_DOCUMENTATION\TryNextPost\TryNextPost.Application\TryNextPost.Application.csproj]
D:\NIMBUSPOST_DOCUMENTATION\TryNextPost\TryNextPost.Application\DTO\Common\ApiResponse.cs(15,29): warning CS8618: Non-nullable property 'Errors' must contain a non-null value when exiting constructor. Consider adding the 'required' modifier or declaring the property as nullable. [D:\NIMBUSPOST_DOCUMENTATION\TryNextPost\TryNextPost.Application\TryNextPost.Application.csproj]
D:\NIMBUSPOST_DOCUMENTATION\TryNextPost\TryNextPost.Application\DTO\Common\ApiResponse.cs(16,18): warning CS8618: Non-nullable property 'Data' must contain a non-null value when exiting constructor. Consider adding the 'required' modifier or declaring the property as nullable. [D:\NIMBUSPOST_DOCUMENTATION\TryNextPost\TryNextPost.Application\TryNextPost.Application.csproj]
D:\NIMBUSPOST_DOCUMENTATION\TryNextPost\TryNextPost.Application\DTO\Auth\VerifyOtpRequest.cs(11,23): warning CS8618: Non-nullable property 'OtpToken' must contain a non-null value when exiting constructor. Consider adding the 'required' modifier or declaring the property as nullable. [D:\NIMBUSPOST_DOCUMENTATION\TryNextPost\TryNextPost.Application\TryNextPost.Application.csproj]
D:\NIMBUSPOST_DOCUMENTATION\TryNextPost\TryNextPost.Application\DTO\Auth\VerifyOtpRequest.cs(12,23): warning CS8618: Non-nullable property 'Otp' must contain a non-null value when exiting constructor. Consider adding the 'required' modifier or declaring the property as nullable. [D:\NIMBUSPOST_DOCUMENTATION\TryNextPost\TryNextPost.Application\TryNextPost.Application.csproj]
D:\NIMBUSPOST_DOCUMENTATION\TryNextPost\TryNextPost.Application\DTO\Auth\VerifyOtpRequest.cs(13,23): warning CS8618: Non-nullable property 'DeviceId' must contain a non-null value when exiting constructor. Consider adding the 'required' modifier or declaring the property as nullable. [D:\NIMBUSPOST_DOCUMENTATION\TryNextPost\TryNextPost.Application\TryNextPost.Application.csproj]
D:\NIMBUSPOST_DOCUMENTATION\TryNextPost\TryNextPost.Application\DTO\Auth\SendPhoneOtpRequest.cs(11,23): warning CS8618: Non-nullable property 'Mobile' must contain a non-null value when exiting constructor. Consider adding the 'required' modifier or declaring the property as nullable. [D:\NIMBUSPOST_DOCUMENTATION\TryNextPost\TryNextPost.Application\TryNextPost.Application.csproj]
D:\NIMBUSPOST_DOCUMENTATION\TryNextPost\TryNextPost.Application\DTO\Auth\AuthResult.cs(11,23): warning CS8618: Non-nullable property 'UserId' must contain a non-null value when exiting constructor. Consider adding the 'required' modifier or declaring the property as nullable. [D:\NIMBUSPOST_DOCUMENTATION\TryNextPost\TryNextPost.Application\TryNextPost.Application.csproj]
D:\NIMBUSPOST_DOCUMENTATION\TryNextPost\TryNextPost.Application\DTO\Auth\AuthResult.cs(12,23): warning CS8618: Non-nullable property 'Email' must contain a non-null value when exiting constructor. Consider adding the 'required' modifier or declaring the property as nullable. [D:\NIMBUSPOST_DOCUMENTATION\TryNextPost\TryNextPost.Application\TryNextPost.Application.csproj]
D:\NIMBUSPOST_DOCUMENTATION\TryNextPost\TryNextPost.Application\DTO\Auth\AuthResult.cs(13,23): warning CS8618: Non-nullable property 'Token' must contain a non-null value when exiting constructor. Consider adding the 'required' modifier or declaring the property as nullable. [D:\NIMBUSPOST_DOCUMENTATION\TryNextPost\TryNextPost.Application\TryNextPost.Application.csproj]
D:\NIMBUSPOST_DOCUMENTATION\TryNextPost\TryNextPost.Application\DTO\Auth\AuthResult.cs(14,23): warning CS8618: Non-nullable property 'Role' must contain a non-null value when exiting constructor. Consider adding the 'required' modifier or declaring the property as nullable. [D:\NIMBUSPOST_DOCUMENTATION\TryNextPost\TryNextPost.Application\TryNextPost.Application.csproj]
D:\NIMBUSPOST_DOCUMENTATION\TryNextPost\TryNextPost.Application\DTO\Auth\SellerDto.cs(13,23): warning CS8618: Non-nullable property 'FullName' must contain a non-null value when exiting constructor. Consider adding the 'required' modifier or declaring the property as nullable. [D:\NIMBUSPOST_DOCUMENTATION\TryNextPost\TryNextPost.Application\TryNextPost.Application.csproj]
D:\NIMBUSPOST_DOCUMENTATION\TryNextPost\TryNextPost.Application\DTO\Auth\SellerDto.cs(17,23): warning CS8618: Non-nullable property 'Email' must contain a non-null value when exiting constructor. Consider adding the 'required' modifier or declaring the property as nullable. [D:\NIMBUSPOST_DOCUMENTATION\TryNextPost\TryNextPost.Application\TryNextPost.Application.csproj]
D:\NIMBUSPOST_DOCUMENTATION\TryNextPost\TryNextPost.Application\DTO\Auth\SellerDto.cs(20,23): warning CS8618: Non-nullable property 'Password' must contain a non-null value when exiting constructor. Consider adding the 'required' modifier or declaring the property as nullable. [D:\NIMBUSPOST_DOCUMENTATION\TryNextPost\TryNextPost.Application\TryNextPost.Application.csproj]
D:\NIMBUSPOST_DOCUMENTATION\TryNextPost\TryNextPost.Application\DTO\Auth\SellerDto.cs(25,23): warning CS8618: Non-nullable property 'PhoneNumber' must contain a non-null value when exiting constructor. Consider adding the 'required' modifier or declaring the property as nullable. [D:\NIMBUSPOST_DOCUMENTATION\TryNextPost\TryNextPost.Application\TryNextPost.Application.csproj]
D:\NIMBUSPOST_DOCUMENTATION\TryNextPost\TryNextPost.Application\DTO\Auth\ResponseSellerDto.cs(11,23): warning CS8618: Non-nullable property 'UserId' must contain a non-null value when exiting constructor. Consider adding the 'required' modifier or declaring the property as nullable. [D:\NIMBUSPOST_DOCUMENTATION\TryNextPost\TryNextPost.Application\TryNextPost.Application.csproj]
D:\NIMBUSPOST_DOCUMENTATION\TryNextPost\TryNextPost.Application\DTO\Auth\ResponseSellerDto.cs(12,23): warning CS8618: Non-nullable property 'FullName' must contain a non-null value when exiting constructor. Consider adding the 'required' modifier or declaring the property as nullable. [D:\NIMBUSPOST_DOCUMENTATION\TryNextPost\TryNextPost.Application\TryNextPost.Application.csproj]
D:\NIMBUSPOST_DOCUMENTATION\TryNextPost\TryNextPost.Application\DTO\Auth\ResponseSellerDto.cs(13,23): warning CS8618: Non-nullable property 'Email' must contain a non-null value when exiting constructor. Consider adding the 'required' modifier or declaring the property as nullable. [D:\NIMBUSPOST_DOCUMENTATION\TryNextPost\TryNextPost.Application\TryNextPost.Application.csproj]
D:\NIMBUSPOST_DOCUMENTATION\TryNextPost\TryNextPost.Application\DTO\Auth\ResponseSellerDto.cs(14,23): warning CS8618: Non-nullable property 'PhoneNumber' must contain a non-null value when exiting constructor. Consider adding the 'required' modifier or declaring the property as nullable. [D:\NIMBUSPOST_DOCUMENTATION\TryNextPost\TryNextPost.Application\TryNextPost.Application.csproj]
D:\NIMBUSPOST_DOCUMENTATION\TryNextPost\TryNextPost.Application\DTO\Auth\ResetPasswordRequest.cs(12,23): warning CS8618: Non-nullable property 'NewPassword' must contain a non-null value when exiting constructor. Consider adding the 'required' modifier or declaring the property as nullable. [D:\NIMBUSPOST_DOCUMENTATION\TryNextPost\TryNextPost.Application\TryNextPost.Application.csproj]
D:\NIMBUSPOST_DOCUMENTATION\TryNextPost\TryNextPost.Application\DTO\Auth\ResetPasswordRequest.cs(13,23): warning CS8618: Non-nullable property 'ConfirmPassword' must contain a non-null value when exiting constructor. Consider adding the 'required' modifier or declaring the property as nullable. [D:\NIMBUSPOST_DOCUMENTATION\TryNextPost\TryNextPost.Application\TryNextPost.Application.csproj]
D:\NIMBUSPOST_DOCUMENTATION\TryNextPost\TryNextPost.Application\DTO\Auth\ResendOtpRequest.cs(11,23): warning CS8618: Non-nullable property 'Email' must contain a non-null value when exiting constructor. Consider adding the 'required' modifier or declaring the property as nullable. [D:\NIMBUSPOST_DOCUMENTATION\TryNextPost\TryNextPost.Application\TryNextPost.Application.csproj]
D:\NIMBUSPOST_DOCUMENTATION\TryNextPost\TryNextPost.Application\DTO\Auth\RegisterRequest.cs(14,23): warning CS8618: Non-nullable property 'Email' must contain a non-null value when exiting constructor. Consider adding the 'required' modifier or declaring the property as nullable. [D:\NIMBUSPOST_DOCUMENTATION\TryNextPost\TryNextPost.Application\TryNextPost.Application.csproj]
D:\NIMBUSPOST_DOCUMENTATION\TryNextPost\TryNextPost.Application\DTO\Auth\RegisterRequest.cs(17,23): warning CS8618: Non-nullable property 'FirstName' must contain a non-null value when exiting constructor. Consider adding the 'required' modifier or declaring the property as nullable. [D:\NIMBUSPOST_DOCUMENTATION\TryNextPost\TryNextPost.Application\TryNextPost.Application.csproj]
D:\NIMBUSPOST_DOCUMENTATION\TryNextPost\TryNextPost.Application\DTO\Auth\RegisterRequest.cs(18,23): warning CS8618: Non-nullable property 'LastName' must contain a non-null value when exiting constructor. Consider adding the 'required' modifier or declaring the property as nullable. [D:\NIMBUSPOST_DOCUMENTATION\TryNextPost\TryNextPost.Application\TryNextPost.Application.csproj]
D:\NIMBUSPOST_DOCUMENTATION\TryNextPost\TryNextPost.Application\DTO\Auth\RegisterRequest.cs(22,23): warning CS8618: Non-nullable property 'Mobile' must contain a non-null value when exiting constructor. Consider adding the 'required' modifier or declaring the property as nullable. [D:\NIMBUSPOST_DOCUMENTATION\TryNextPost\TryNextPost.Application\TryNextPost.Application.csproj]
D:\NIMBUSPOST_DOCUMENTATION\TryNextPost\TryNextPost.Application\DTO\Auth\RegisterRequest.cs(26,23): warning CS8618: Non-nullable property 'Password' must contain a non-null value when exiting constructor. Consider adding the 'required' modifier or declaring the property as nullable. [D:\NIMBUSPOST_DOCUMENTATION\TryNextPost\TryNextPost.Application\TryNextPost.Application.csproj]
D:\NIMBUSPOST_DOCUMENTATION\TryNextPost\TryNextPost.Application\DTO\Auth\PhoneOtpVerifyResponse.cs(12,23): warning CS8618: Non-nullable property 'Message' must contain a non-null value when exiting constructor. Consider adding the 'required' modifier or declaring the property as nullable. [D:\NIMBUSPOST_DOCUMENTATION\TryNextPost\TryNextPost.Application\TryNextPost.Application.csproj]
D:\NIMBUSPOST_DOCUMENTATION\TryNextPost\TryNextPost.Application\DTO\Auth\PhoneOtpVerifyResponse.cs(13,23): warning CS8618: Non-nullable property 'Mobile' must contain a non-null value when exiting constructor. Consider adding the 'required' modifier or declaring the property as nullable. [D:\NIMBUSPOST_DOCUMENTATION\TryNextPost\TryNextPost.Application\TryNextPost.Application.csproj]
D:\NIMBUSPOST_DOCUMENTATION\TryNextPost\TryNextPost.Application\DTO\Auth\PhoneOtpVerifyResponse.cs(15,23): warning CS8618: Non-nullable property 'Token' must contain a non-null value when exiting constructor. Consider adding the 'required' modifier or declaring the property as nullable. [D:\NIMBUSPOST_DOCUMENTATION\TryNextPost\TryNextPost.Application\TryNextPost.Application.csproj]
D:\NIMBUSPOST_DOCUMENTATION\TryNextPost\TryNextPost.Application\DTO\Auth\ChangePasswordDto.cs(11,23): warning CS8618: Non-nullable property 'UserId' must contain a non-null value when exiting constructor. Consider adding the 'required' modifier or declaring the property as nullable. [D:\NIMBUSPOST_DOCUMENTATION\TryNextPost\TryNextPost.Application\TryNextPost.Application.csproj]
D:\NIMBUSPOST_DOCUMENTATION\TryNextPost\TryNextPost.Application\DTO\Auth\ChangePasswordDto.cs(12,23): warning CS8618: Non-nullable property 'CurrentPassword' must contain a non-null value when exiting constructor. Consider adding the 'required' modifier or declaring the property as nullable. [D:\NIMBUSPOST_DOCUMENTATION\TryNextPost\TryNextPost.Application\TryNextPost.Application.csproj]
D:\NIMBUSPOST_DOCUMENTATION\TryNextPost\TryNextPost.Application\DTO\Auth\ChangePasswordDto.cs(13,23): warning CS8618: Non-nullable property 'NewPassword' must contain a non-null value when exiting constructor. Consider adding the 'required' modifier or declaring the property as nullable. [D:\NIMBUSPOST_DOCUMENTATION\TryNextPost\TryNextPost.Application\TryNextPost.Application.csproj]
D:\NIMBUSPOST_DOCUMENTATION\TryNextPost\TryNextPost.Application\DTO\Auth\ChangePasswordDto.cs(14,23): warning CS8618: Non-nullable property 'ConfirmPassword' must contain a non-null value when exiting constructor. Consider adding the 'required' modifier or declaring the property as nullable. [D:\NIMBUSPOST_DOCUMENTATION\TryNextPost\TryNextPost.Application\TryNextPost.Application.csproj]
D:\NIMBUSPOST_DOCUMENTATION\TryNextPost\TryNextPost.Application\DTO\Auth\OtpVerifyResponse.cs(12,23): warning CS8618: Non-nullable property 'Message' must contain a non-null value when exiting constructor. Consider adding the 'required' modifier or declaring the property as nullable. [D:\NIMBUSPOST_DOCUMENTATION\TryNextPost\TryNextPost.Application\TryNextPost.Application.csproj]
D:\NIMBUSPOST_DOCUMENTATION\TryNextPost\TryNextPost.Application\DTO\Auth\OtpVerifyResponse.cs(13,23): warning CS8618: Non-nullable property 'Email' must contain a non-null value when exiting constructor. Consider adding the 'required' modifier or declaring the property as nullable. [D:\NIMBUSPOST_DOCUMENTATION\TryNextPost\TryNextPost.Application\TryNextPost.Application.csproj]
D:\NIMBUSPOST_DOCUMENTATION\TryNextPost\TryNextPost.Application\DTO\Auth\OtpVerifyResponse.cs(14,23): warning CS8618: Non-nullable property 'Token' must contain a non-null value when exiting constructor. Consider adding the 'required' modifier or declaring the property as nullable. [D:\NIMBUSPOST_DOCUMENTATION\TryNextPost\TryNextPost.Application\TryNextPost.Application.csproj]
D:\NIMBUSPOST_DOCUMENTATION\TryNextPost\TryNextPost.Application\DTO\Auth\LoginSuccessResponse.cs(11,23): warning CS8618: Non-nullable property 'Message' must contain a non-null value when exiting constructor. Consider adding the 'required' modifier or declaring the property as nullable. [D:\NIMBUSPOST_DOCUMENTATION\TryNextPost\TryNextPost.Application\TryNextPost.Application.csproj]
D:\NIMBUSPOST_DOCUMENTATION\TryNextPost\TryNextPost.Application\DTO\Auth\LoginSuccessResponse.cs(12,23): warning CS8618: Non-nullable property 'Token' must contain a non-null value when exiting constructor. Consider adding the 'required' modifier or declaring the property as nullable. [D:\NIMBUSPOST_DOCUMENTATION\TryNextPost\TryNextPost.Application\TryNextPost.Application.csproj]
D:\NIMBUSPOST_DOCUMENTATION\TryNextPost\TryNextPost.Application\DTO\Auth\LoginSuccessResponse.cs(17,29): warning CS8618: Non-nullable property 'Roles' must contain a non-null value when exiting constructor. Consider adding the 'required' modifier or declaring the property as nullable. [D:\NIMBUSPOST_DOCUMENTATION\TryNextPost\TryNextPost.Application\TryNextPost.Application.csproj]
D:\NIMBUSPOST_DOCUMENTATION\TryNextPost\TryNextPost.Application\DTO\Auth\LoginRequest.cs(11,23): warning CS8618: Non-nullable property 'Email' must contain a non-null value when exiting constructor. Consider adding the 'required' modifier or declaring the property as nullable. [D:\NIMBUSPOST_DOCUMENTATION\TryNextPost\TryNextPost.Application\TryNextPost.Application.csproj]
D:\NIMBUSPOST_DOCUMENTATION\TryNextPost\TryNextPost.Application\DTO\Auth\LoginRequest.cs(12,23): warning CS8618: Non-nullable property 'Password' must contain a non-null value when exiting constructor. Consider adding the 'required' modifier or declaring the property as nullable. [D:\NIMBUSPOST_DOCUMENTATION\TryNextPost\TryNextPost.Application\TryNextPost.Application.csproj]
D:\NIMBUSPOST_DOCUMENTATION\TryNextPost\TryNextPost.Application\DTO\Auth\LoginRequest.cs(13,23): warning CS8618: Non-nullable property 'DeviceId' must contain a non-null value when exiting constructor. Consider adding the 'required' modifier or declaring the property as nullable. [D:\NIMBUSPOST_DOCUMENTATION\TryNextPost\TryNextPost.Application\TryNextPost.Application.csproj]
D:\NIMBUSPOST_DOCUMENTATION\TryNextPost\TryNextPost.Application\DTO\Auth\LoginOtpResponse.cs(11,23): warning CS8618: Non-nullable property 'Message' must contain a non-null value when exiting constructor. Consider adding the 'required' modifier or declaring the property as nullable. [D:\NIMBUSPOST_DOCUMENTATION\TryNextPost\TryNextPost.Application\TryNextPost.Application.csproj]
D:\NIMBUSPOST_DOCUMENTATION\TryNextPost\TryNextPost.Application\DTO\Auth\LoginOtpResponse.cs(12,23): warning CS8618: Non-nullable property 'OtpToken' must contain a non-null value when exiting constructor. Consider adding the 'required' modifier or declaring the property as nullable. [D:\NIMBUSPOST_DOCUMENTATION\TryNextPost\TryNextPost.Application\TryNextPost.Application.csproj]
D:\NIMBUSPOST_DOCUMENTATION\TryNextPost\TryNextPost.Application\DTO\Auth\IdentityResultModel.cs(15,23): warning CS8618: Non-nullable property 'Message' must contain a non-null value when exiting constructor. Consider adding the 'required' modifier or declaring the property as nullable. [D:\NIMBUSPOST_DOCUMENTATION\TryNextPost\TryNextPost.Application\TryNextPost.Application.csproj]
D:\NIMBUSPOST_DOCUMENTATION\TryNextPost\TryNextPost.Application\DTO\Auth\ForgotPasswordRequest.cs(11,23): warning CS8618: Non-nullable property 'Email' must contain a non-null value when exiting constructor. Consider adding the 'required' modifier or declaring the property as nullable. [D:\NIMBUSPOST_DOCUMENTATION\TryNextPost\TryNextPost.Application\TryNextPost.Application.csproj]
D:\NIMBUSPOST_DOCUMENTATION\TryNextPost\TryNextPost.Application\DTO\Auth\CheckPhoneRequest.cs(11,23): warning CS8618: Non-nullable property 'Mobile' must contain a non-null value when exiting constructor. Consider adding the 'required' modifier or declaring the property as nullable. [D:\NIMBUSPOST_DOCUMENTATION\TryNextPost\TryNextPost.Application\TryNextPost.Application.csproj]
D:\NIMBUSPOST_DOCUMENTATION\TryNextPost\TryNextPost.Application\IServices\Class\Order\OrderService.cs(113,88): warning CS8629: Nullable value type may be null. [D:\NIMBUSPOST_DOCUMENTATION\TryNextPost\TryNextPost.Application\TryNextPost.Application.csproj]
D:\NIMBUSPOST_DOCUMENTATION\TryNextPost\TryNextPost.Application\IServices\Class\Order\OrderService.cs(294,25): warning CS8601: Possible null reference assignment. [D:\NIMBUSPOST_DOCUMENTATION\TryNextPost\TryNextPost.Application\TryNextPost.Application.csproj]
D:\NIMBUSPOST_DOCUMENTATION\TryNextPost\TryNextPost.Application\IServices\Class\Shipment\ShipmentService.cs(325,51): warning CS8604: Possible null reference argument for parameter 'courierCode' in 'bool ICourierAdapterFactory.TryResolve(string courierCode, out ICourierAdapter? adapter)'. [D:\NIMBUSPOST_DOCUMENTATION\TryNextPost\TryNextPost.Application\TryNextPost.Application.csproj]
D:\NIMBUSPOST_DOCUMENTATION\TryNextPost\TryNextPost.Application\IServices\Class\Shipment\ShipmentService.cs(499,51): warning CS8604: Possible null reference argument for parameter 'courierCode' in 'bool ICourierAdapterFactory.TryResolve(string courierCode, out ICourierAdapter? adapter)'. [D:\NIMBUSPOST_DOCUMENTATION\TryNextPost\TryNextPost.Application\TryNextPost.Application.csproj]
D:\NIMBUSPOST_DOCUMENTATION\TryNextPost\TryNextPost.Application\IServices\Class\Shipment\ShipmentService.cs(797,52): warning CS8604: Possible null reference argument for parameter 'courierCode' in 'bool ICourierAdapterFactory.TryResolve(string courierCode, out ICourierAdapter? adapter)'. [D:\NIMBUSPOST_DOCUMENTATION\TryNextPost\TryNextPost.Application\TryNextPost.Application.csproj]
D:\NIMBUSPOST_DOCUMENTATION\TryNextPost\TryNextPost.Infrastructure\Service\SellerKycServices.cs(69,83): warning CS8602: Dereference of a possibly null reference. [D:\NIMBUSPOST_DOCUMENTATION\TryNextPost\TryNextPost.Infrastructure\TryNextPost.Infrastructure.csproj]
D:\NIMBUSPOST_DOCUMENTATION\TryNextPost\TryNextPost.Infrastructure\Service\SellerKycServices.cs(69,83): warning CS8604: Possible null reference argument for parameter 'mobile' in 'Task<Otp?> IOtpRepository.GetLatestActiveByMobileAsync(string mobile)'. [D:\NIMBUSPOST_DOCUMENTATION\TryNextPost\TryNextPost.Infrastructure\TryNextPost.Infrastructure.csproj]
D:\NIMBUSPOST_DOCUMENTATION\TryNextPost\TryNextPost.Infrastructure\Service\SellerKycServices.cs(191,64): warning CS8604: Possible null reference argument for parameter 'mobile' in 'Task IOtpRepository.InvalidateActiveOtpsAsync(string mobile)'. [D:\NIMBUSPOST_DOCUMENTATION\TryNextPost\TryNextPost.Infrastructure\TryNextPost.Infrastructure.csproj]
D:\NIMBUSPOST_DOCUMENTATION\TryNextPost\TryNextPost.Infrastructure\Repository\AddressRepository.cs(29,20): warning CS8603: Possible null reference return. [D:\NIMBUSPOST_DOCUMENTATION\TryNextPost\TryNextPost.Infrastructure\TryNextPost.Infrastructure.csproj]
D:\NIMBUSPOST_DOCUMENTATION\TryNextPost\TryNextPost.Infrastructure\Service\EmailService .cs(28,38): warning CS8604: Possible null reference argument for parameter 's' in 'int int.Parse(string s)'. [D:\NIMBUSPOST_DOCUMENTATION\TryNextPost\TryNextPost.Infrastructure\TryNextPost.Infrastructure.csproj]
D:\NIMBUSPOST_DOCUMENTATION\TryNextPost\TryNextPost.Infrastructure\Service\EmailService .cs(35,40): warning CS8604: Possible null reference argument for parameter 'address' in 'MailAddress.MailAddress(string address, string? displayName)'. [D:\NIMBUSPOST_DOCUMENTATION\TryNextPost\TryNextPost.Infrastructure\TryNextPost.Infrastructure.csproj]
D:\NIMBUSPOST_DOCUMENTATION\TryNextPost\TryNextPost.Infrastructure\Service\EmailService .cs(54,38): warning CS8604: Possible null reference argument for parameter 's' in 'int int.Parse(string s)'. [D:\NIMBUSPOST_DOCUMENTATION\TryNextPost\TryNextPost.Infrastructure\TryNextPost.Infrastructure.csproj]
D:\NIMBUSPOST_DOCUMENTATION\TryNextPost\TryNextPost.Infrastructure\Service\EmailService .cs(71,40): warning CS8604: Possible null reference argument for parameter 'address' in 'MailAddress.MailAddress(string address, string? displayName)'. [D:\NIMBUSPOST_DOCUMENTATION\TryNextPost\TryNextPost.Infrastructure\TryNextPost.Infrastructure.csproj]
D:\NIMBUSPOST_DOCUMENTATION\TryNextPost\TryNextPost.Infrastructure\Repository\OrderRepository.cs(34,32): warning CS8602: Dereference of a possibly null reference. [D:\NIMBUSPOST_DOCUMENTATION\TryNextPost\TryNextPost.Infrastructure\TryNextPost.Infrastructure.csproj]
D:\NIMBUSPOST_DOCUMENTATION\TryNextPost\TryNextPost.Infrastructure\Service\EmailService .cs(90,38): warning CS8604: Possible null reference argument for parameter 's' in 'int int.Parse(string s)'. [D:\NIMBUSPOST_DOCUMENTATION\TryNextPost\TryNextPost.Infrastructure\TryNextPost.Infrastructure.csproj]
D:\NIMBUSPOST_DOCUMENTATION\TryNextPost\TryNextPost.Infrastructure\Service\EmailService .cs(109,40): warning CS8604: Possible null reference argument for parameter 'address' in 'MailAddress.MailAddress(string address, string? displayName)'. [D:\NIMBUSPOST_DOCUMENTATION\TryNextPost\TryNextPost.Infrastructure\TryNextPost.Infrastructure.csproj]
D:\NIMBUSPOST_DOCUMENTATION\TryNextPost\TryNextPost.Infrastructure\Service\IdentityService.cs(145,24): warning CS8603: Possible null reference return. [D:\NIMBUSPOST_DOCUMENTATION\TryNextPost\TryNextPost.Infrastructure\TryNextPost.Infrastructure.csproj]
D:\NIMBUSPOST_DOCUMENTATION\TryNextPost\TryNextPost.Infrastructure\Service\IdentityService.cs(148,35): warning CS8603: Possible null reference return. [D:\NIMBUSPOST_DOCUMENTATION\TryNextPost\TryNextPost.Infrastructure\TryNextPost.Infrastructure.csproj]
D:\NIMBUSPOST_DOCUMENTATION\TryNextPost\TryNextPost.Infrastructure\Service\IdentityService.cs(153,25): warning CS8601: Possible null reference assignment. [D:\NIMBUSPOST_DOCUMENTATION\TryNextPost\TryNextPost.Infrastructure\TryNextPost.Infrastructure.csproj]
D:\NIMBUSPOST_DOCUMENTATION\TryNextPost\TryNextPost.Infrastructure\Service\IdentityService.cs(154,31): warning CS8601: Possible null reference assignment. [D:\NIMBUSPOST_DOCUMENTATION\TryNextPost\TryNextPost.Infrastructure\TryNextPost.Infrastructure.csproj]
D:\NIMBUSPOST_DOCUMENTATION\TryNextPost\TryNextPost.Infrastructure\Service\IdentityService.cs(165,25): warning CS8601: Possible null reference assignment. [D:\NIMBUSPOST_DOCUMENTATION\TryNextPost\TryNextPost.Infrastructure\TryNextPost.Infrastructure.csproj]
D:\NIMBUSPOST_DOCUMENTATION\TryNextPost\TryNextPost.Infrastructure\Service\IdentityService.cs(166,31): warning CS8601: Possible null reference assignment. [D:\NIMBUSPOST_DOCUMENTATION\TryNextPost\TryNextPost.Infrastructure\TryNextPost.Infrastructure.csproj]
D:\NIMBUSPOST_DOCUMENTATION\TryNextPost\TryNextPost.Infrastructure\Service\IdentityService.cs(173,38): warning CS8603: Possible null reference return. [D:\NIMBUSPOST_DOCUMENTATION\TryNextPost\TryNextPost.Infrastructure\TryNextPost.Infrastructure.csproj]
D:\NIMBUSPOST_DOCUMENTATION\TryNextPost\TryNextPost.Infrastructure\Service\IdentityService.cs(178,25): warning CS8601: Possible null reference assignment. [D:\NIMBUSPOST_DOCUMENTATION\TryNextPost\TryNextPost.Infrastructure\TryNextPost.Infrastructure.csproj]
D:\NIMBUSPOST_DOCUMENTATION\TryNextPost\TryNextPost.Infrastructure\Service\IdentityService.cs(180,31): warning CS8601: Possible null reference assignment. [D:\NIMBUSPOST_DOCUMENTATION\TryNextPost\TryNextPost.Infrastructure\TryNextPost.Infrastructure.csproj]
D:\NIMBUSPOST_DOCUMENTATION\TryNextPost\TryNextPost.Infrastructure\Service\IdentityService.cs(192,25): warning CS8601: Possible null reference assignment. [D:\NIMBUSPOST_DOCUMENTATION\TryNextPost\TryNextPost.Infrastructure\TryNextPost.Infrastructure.csproj]
D:\NIMBUSPOST_DOCUMENTATION\TryNextPost\TryNextPost.Infrastructure\Service\IdentityService.cs(194,31): warning CS8601: Possible null reference assignment. [D:\NIMBUSPOST_DOCUMENTATION\TryNextPost\TryNextPost.Infrastructure\TryNextPost.Infrastructure.csproj]
D:\NIMBUSPOST_DOCUMENTATION\TryNextPost\TryNextPost.Infrastructure\Repository\SellerRepository.cs(44,20): warning CS8603: Possible null reference return. [D:\NIMBUSPOST_DOCUMENTATION\TryNextPost\TryNextPost.Infrastructure\TryNextPost.Infrastructure.csproj]
D:\NIMBUSPOST_DOCUMENTATION\TryNextPost\TryNextPost.Infrastructure\Service\IdentityService.cs(201,38): warning CS8603: Possible null reference return. [D:\NIMBUSPOST_DOCUMENTATION\TryNextPost\TryNextPost.Infrastructure\TryNextPost.Infrastructure.csproj]
D:\NIMBUSPOST_DOCUMENTATION\TryNextPost\TryNextPost.Infrastructure\Service\IdentityService.cs(206,25): warning CS8601: Possible null reference assignment. [D:\NIMBUSPOST_DOCUMENTATION\TryNextPost\TryNextPost.Infrastructure\TryNextPost.Infrastructure.csproj]
D:\NIMBUSPOST_DOCUMENTATION\TryNextPost\TryNextPost.Infrastructure\Service\IdentityService.cs(208,31): warning CS8601: Possible null reference assignment. [D:\NIMBUSPOST_DOCUMENTATION\TryNextPost\TryNextPost.Infrastructure\TryNextPost.Infrastructure.csproj]
D:\NIMBUSPOST_DOCUMENTATION\TryNextPost\TryNextPost.API\Controllers\AuthController.cs(33,65): warning CS8604: Possible null reference argument for parameter 'ipAddress' in 'Task<LoginSuccessResponse> IAuthService.LoginAsync(LoginRequest request, string ipAddress)'. [D:\NIMBUSPOST_DOCUMENTATION\TryNextPost\TryNextPost.API\TryNextPost.API.csproj]
D:\NIMBUSPOST_DOCUMENTATION\TryNextPost\TryNextPost.API\Controllers\SellerController.cs(51,35): warning CS8629: Nullable value type may be null. [D:\NIMBUSPOST_DOCUMENTATION\TryNextPost\TryNextPost.API\TryNextPost.API.csproj]
D:\NIMBUSPOST_DOCUMENTATION\TryNextPost\TryNextPost.API\Controllers\AuthController.cs(56,74): warning CS8604: Possible null reference argument for parameter 'ipAddress' in 'Task<PhoneOtpVerifyResponse> IAuthService.VerifyPhoneOtpAsync(VerifyPhoneOtpRequest request, string ipAddress)'. [D:\NIMBUSPOST_DOCUMENTATION\TryNextPost\TryNextPost.API\TryNextPost.API.csproj]
D:\NIMBUSPOST_DOCUMENTATION\TryNextPost\TryNextPost.API\Controllers\AuthController.cs(64,68): warning CS8604: Possible null reference argument for parameter 'ipAddress' in 'Task<LoginSuccessResponse> IAuthService.RegisterAsync(RegisterRequest request, string ipAddress)'. [D:\NIMBUSPOST_DOCUMENTATION\TryNextPost\TryNextPost.API\TryNextPost.API.csproj]
D:\NIMBUSPOST_DOCUMENTATION\TryNextPost\TryNextPost.API\Controllers\Order\OrderController.cs(99,24): warning CS8625: Cannot convert null literal to non-nullable reference type. [D:\NIMBUSPOST_DOCUMENTATION\TryNextPost\TryNextPost.API\TryNextPost.API.csproj]
D:\NIMBUSPOST_DOCUMENTATION\TryNextPost\TryNextPost.API\Controllers\SellerController.cs(82,35): warning CS8629: Nullable value type may be null. [D:\NIMBUSPOST_DOCUMENTATION\TryNextPost\TryNextPost.API\TryNextPost.API.csproj]
D:\NIMBUSPOST_DOCUMENTATION\TryNextPost\TryNextPost.API\Controllers\Order\OrderController.cs(116,24): warning CS8625: Cannot convert null literal to non-nullable reference type. [D:\NIMBUSPOST_DOCUMENTATION\TryNextPost\TryNextPost.API\TryNextPost.API.csproj]
D:\NIMBUSPOST_DOCUMENTATION\TryNextPost\TryNextPost.API\Program.cs(247,28): warning CS8604: Possible null reference argument for parameter 'origins' in 'CorsPolicyBuilder CorsPolicyBuilder.WithOrigins(params string[] origins)'. [D:\NIMBUSPOST_DOCUMENTATION\TryNextPost\TryNextPost.API\TryNextPost.API.csproj]
C:\Program Files\dotnet\sdk\10.0.100\Microsoft.Common.CurrentVersion.targets(5080,5): warning MSB3026: Could not copy "D:\NIMBUSPOST_DOCUMENTATION\TryNextPost\TryNextPost.Domain\bin\Debug\net9.0\TryNextPost.Domain.dll" to "bin\Debug\net9.0\TryNextPost.Domain.dll". Beginning retry 1 in 1000ms. The process cannot access the file 'D:\NIMBUSPOST_DOCUMENTATION\TryNextPost\TryNextPost.API\bin\Debug\net9.0\TryNextPost.Domain.dll' because it is being used by another process. The file is locked by: "Microsoft Visual Studio 2022 (12792), TryNextPost.API (20588)" [D:\NIMBUSPOST_DOCUMENTATION\TryNextPost\TryNextPost.API\TryNextPost.API.csproj]
C:\Program Files\dotnet\sdk\10.0.100\Microsoft.Common.CurrentVersion.targets(5080,5): warning MSB3026: Could not copy "D:\NIMBUSPOST_DOCUMENTATION\TryNextPost\TryNextPost.Infrastructure\bin\Debug\net9.0\TryNextPost.Infrastructure.dll" to "bin\Debug\net9.0\TryNextPost.Infrastructure.dll". Beginning retry 1 in 1000ms. The process cannot access the file 'D:\NIMBUSPOST_DOCUMENTATION\TryNextPost\TryNextPost.API\bin\Debug\net9.0\TryNextPost.Infrastructure.dll' because it is being used by another process. The file is locked by: "Microsoft Visual Studio 2022 (12792), TryNextPost.API (20588)" [D:\NIMBUSPOST_DOCUMENTATION\TryNextPost\TryNextPost.API\TryNextPost.API.csproj]
C:\Program Files\dotnet\sdk\10.0.100\Microsoft.Common.CurrentVersion.targets(5080,5): warning MSB3026: Could not copy "D:\NIMBUSPOST_DOCUMENTATION\TryNextPost\TryNextPost.Application\bin\Debug\net9.0\TryNextPost.Application.dll" to "bin\Debug\net9.0\TryNextPost.Application.dll". Beginning retry 1 in 1000ms. The process cannot access the file 'D:\NIMBUSPOST_DOCUMENTATION\TryNextPost\TryNextPost.API\bin\Debug\net9.0\TryNextPost.Application.dll' because it is being used by another process. The file is locked by: "Microsoft Visual Studio 2022 (12792), TryNextPost.API (20588)" [D:\NIMBUSPOST_DOCUMENTATION\TryNextPost\TryNextPost.API\TryNextPost.API.csproj]
C:\Program Files\dotnet\sdk\10.0.100\Microsoft.Common.CurrentVersion.targets(5080,5): warning MSB3026: Could not copy "D:\NIMBUSPOST_DOCUMENTATION\TryNextPost\TryNextPost.Domain\bin\Debug\net9.0\TryNextPost.Domain.dll" to "bin\Debug\net9.0\TryNextPost.Domain.dll". Beginning retry 2 in 1000ms. The process cannot access the file 'D:\NIMBUSPOST_DOCUMENTATION\TryNextPost\TryNextPost.API\bin\Debug\net9.0\TryNextPost.Domain.dll' because it is being used by another process. The file is locked by: "Microsoft Visual Studio 2022 (12792), TryNextPost.API (20588)" [D:\NIMBUSPOST_DOCUMENTATION\TryNextPost\TryNextPost.API\TryNextPost.API.csproj]
C:\Program Files\dotnet\sdk\10.0.100\Microsoft.Common.CurrentVersion.targets(5080,5): warning MSB3026: Could not copy "D:\NIMBUSPOST_DOCUMENTATION\TryNextPost\TryNextPost.Application\bin\Debug\net9.0\TryNextPost.Application.dll" to "bin\Debug\net9.0\TryNextPost.Application.dll". Beginning retry 2 in 1000ms. The process cannot access the file 'D:\NIMBUSPOST_DOCUMENTATION\TryNextPost\TryNextPost.API\bin\Debug\net9.0\TryNextPost.Application.dll' because it is being used by another process. The file is locked by: "Microsoft Visual Studio 2022 (12792), TryNextPost.API (20588)" [D:\NIMBUSPOST_DOCUMENTATION\TryNextPost\TryNextPost.API\TryNextPost.API.csproj]
C:\Program Files\dotnet\sdk\10.0.100\Microsoft.Common.CurrentVersion.targets(5080,5): warning MSB3026: Could not copy "D:\NIMBUSPOST_DOCUMENTATION\TryNextPost\TryNextPost.Infrastructure\bin\Debug\net9.0\TryNextPost.Infrastructure.dll" to "bin\Debug\net9.0\TryNextPost.Infrastructure.dll". Beginning retry 2 in 1000ms. The process cannot access the file 'D:\NIMBUSPOST_DOCUMENTATION\TryNextPost\TryNextPost.API\bin\Debug\net9.0\TryNextPost.Infrastructure.dll' because it is being used by another process. The file is locked by: "Microsoft Visual Studio 2022 (12792), TryNextPost.API (20588)" [D:\NIMBUSPOST_DOCUMENTATION\TryNextPost\TryNextPost.API\TryNextPost.API.csproj]
C:\Program Files\dotnet\sdk\10.0.100\Microsoft.Common.CurrentVersion.targets(5080,5): warning MSB3026: Could not copy "D:\NIMBUSPOST_DOCUMENTATION\TryNextPost\TryNextPost.Domain\bin\Debug\net9.0\TryNextPost.Domain.dll" to "bin\Debug\net9.0\TryNextPost.Domain.dll". Beginning retry 3 in 1000ms. The process cannot access the file 'D:\NIMBUSPOST_DOCUMENTATION\TryNextPost\TryNextPost.API\bin\Debug\net9.0\TryNextPost.Domain.dll' because it is being used by another process. The file is locked by: "Microsoft Visual Studio 2022 (12792), TryNextPost.API (20588)" [D:\NIMBUSPOST_DOCUMENTATION\TryNextPost\TryNextPost.API\TryNextPost.API.csproj]
C:\Program Files\dotnet\sdk\10.0.100\Microsoft.Common.CurrentVersion.targets(5080,5): warning MSB3026: Could not copy "D:\NIMBUSPOST_DOCUMENTATION\TryNextPost\TryNextPost.Application\bin\Debug\net9.0\TryNextPost.Application.dll" to "bin\Debug\net9.0\TryNextPost.Application.dll". Beginning retry 3 in 1000ms. The process cannot access the file 'D:\NIMBUSPOST_DOCUMENTATION\TryNextPost\TryNextPost.API\bin\Debug\net9.0\TryNextPost.Application.dll' because it is being used by another process. The file is locked by: "Microsoft Visual Studio 2022 (12792), TryNextPost.API (20588)" [D:\NIMBUSPOST_DOCUMENTATION\TryNextPost\TryNextPost.API\TryNextPost.API.csproj]
C:\Program Files\dotnet\sdk\10.0.100\Microsoft.Common.CurrentVersion.targets(5080,5): warning MSB3026: Could not copy "D:\NIMBUSPOST_DOCUMENTATION\TryNextPost\TryNextPost.Infrastructure\bin\Debug\net9.0\TryNextPost.Infrastructure.dll" to "bin\Debug\net9.0\TryNextPost.Infrastructure.dll". Beginning retry 3 in 1000ms. The process cannot access the file 'D:\NIMBUSPOST_DOCUMENTATION\TryNextPost\TryNextPost.API\bin\Debug\net9.0\TryNextPost.Infrastructure.dll' because it is being used by another process. The file is locked by: "Microsoft Visual Studio 2022 (12792), TryNextPost.API (20588)" [D:\NIMBUSPOST_DOCUMENTATION\TryNextPost\TryNextPost.API\TryNextPost.API.csproj]
C:\Program Files\dotnet\sdk\10.0.100\Microsoft.Common.CurrentVersion.targets(5080,5): warning MSB3026: Could not copy "D:\NIMBUSPOST_DOCUMENTATION\TryNextPost\TryNextPost.Domain\bin\Debug\net9.0\TryNextPost.Domain.dll" to "bin\Debug\net9.0\TryNextPost.Domain.dll". Beginning retry 4 in 1000ms. The process cannot access the file 'D:\NIMBUSPOST_DOCUMENTATION\TryNextPost\TryNextPost.API\bin\Debug\net9.0\TryNextPost.Domain.dll' because it is being used by another process. The file is locked by: "Microsoft Visual Studio 2022 (12792), TryNextPost.API (20588)" [D:\NIMBUSPOST_DOCUMENTATION\TryNextPost\TryNextPost.API\TryNextPost.API.csproj]
C:\Program Files\dotnet\sdk\10.0.100\Microsoft.Common.CurrentVersion.targets(5080,5): warning MSB3026: Could not copy "D:\NIMBUSPOST_DOCUMENTATION\TryNextPost\TryNextPost.Application\bin\Debug\net9.0\TryNextPost.Application.dll" to "bin\Debug\net9.0\TryNextPost.Application.dll". Beginning retry 4 in 1000ms. The process cannot access the file 'D:\NIMBUSPOST_DOCUMENTATION\TryNextPost\TryNextPost.API\bin\Debug\net9.0\TryNextPost.Application.dll' because it is being used by another process. The file is locked by: "Microsoft Visual Studio 2022 (12792), TryNextPost.API (20588)" [D:\NIMBUSPOST_DOCUMENTATION\TryNextPost\TryNextPost.API\TryNextPost.API.csproj]
C:\Program Files\dotnet\sdk\10.0.100\Microsoft.Common.CurrentVersion.targets(5080,5): warning MSB3026: Could not copy "D:\NIMBUSPOST_DOCUMENTATION\TryNextPost\TryNextPost.Infrastructure\bin\Debug\net9.0\TryNextPost.Infrastructure.dll" to "bin\Debug\net9.0\TryNextPost.Infrastructure.dll". Beginning retry 4 in 1000ms. The process cannot access the file 'D:\NIMBUSPOST_DOCUMENTATION\TryNextPost\TryNextPost.API\bin\Debug\net9.0\TryNextPost.Infrastructure.dll' because it is being used by another process. The file is locked by: "Microsoft Visual Studio 2022 (12792), TryNextPost.API (20588)" [D:\NIMBUSPOST_DOCUMENTATION\TryNextPost\TryNextPost.API\TryNextPost.API.csproj]
C:\Program Files\dotnet\sdk\10.0.100\Microsoft.Common.CurrentVersion.targets(5080,5): warning MSB3026: Could not copy "D:\NIMBUSPOST_DOCUMENTATION\TryNextPost\TryNextPost.Domain\bin\Debug\net9.0\TryNextPost.Domain.dll" to "bin\Debug\net9.0\TryNextPost.Domain.dll". Beginning retry 5 in 1000ms. The process cannot access the file 'D:\NIMBUSPOST_DOCUMENTATION\TryNextPost\TryNextPost.API\bin\Debug\net9.0\TryNextPost.Domain.dll' because it is being used by another process. The file is locked by: "Microsoft Visual Studio 2022 (12792), TryNextPost.API (20588)" [D:\NIMBUSPOST_DOCUMENTATION\TryNextPost\TryNextPost.API\TryNextPost.API.csproj]
C:\Program Files\dotnet\sdk\10.0.100\Microsoft.Common.CurrentVersion.targets(5080,5): warning MSB3026: Could not copy "D:\NIMBUSPOST_DOCUMENTATION\TryNextPost\TryNextPost.Infrastructure\bin\Debug\net9.0\TryNextPost.Infrastructure.dll" to "bin\Debug\net9.0\TryNextPost.Infrastructure.dll". Beginning retry 5 in 1000ms. The process cannot access the file 'D:\NIMBUSPOST_DOCUMENTATION\TryNextPost\TryNextPost.API\bin\Debug\net9.0\TryNextPost.Infrastructure.dll' because it is being used by another process. The file is locked by: "Microsoft Visual Studio 2022 (12792), TryNextPost.API (20588)" [D:\NIMBUSPOST_DOCUMENTATION\TryNextPost\TryNextPost.API\TryNextPost.API.csproj]
C:\Program Files\dotnet\sdk\10.0.100\Microsoft.Common.CurrentVersion.targets(5080,5): warning MSB3026: Could not copy "D:\NIMBUSPOST_DOCUMENTATION\TryNextPost\TryNextPost.Application\bin\Debug\net9.0\TryNextPost.Application.dll" to "bin\Debug\net9.0\TryNextPost.Application.dll". Beginning retry 5 in 1000ms. The process cannot access the file 'D:\NIMBUSPOST_DOCUMENTATION\TryNextPost\TryNextPost.API\bin\Debug\net9.0\TryNextPost.Application.dll' because it is being used by another process. The file is locked by: "Microsoft Visual Studio 2022 (12792), TryNextPost.API (20588)" [D:\NIMBUSPOST_DOCUMENTATION\TryNextPost\TryNextPost.API\TryNextPost.API.csproj]
C:\Program Files\dotnet\sdk\10.0.100\Microsoft.Common.CurrentVersion.targets(5080,5): warning MSB3026: Could not copy "D:\NIMBUSPOST_DOCUMENTATION\TryNextPost\TryNextPost.Domain\bin\Debug\net9.0\TryNextPost.Domain.dll" to "bin\Debug\net9.0\TryNextPost.Domain.dll". Beginning retry 6 in 1000ms. The process cannot access the file 'D:\NIMBUSPOST_DOCUMENTATION\TryNextPost\TryNextPost.API\bin\Debug\net9.0\TryNextPost.Domain.dll' because it is being used by another process. The file is locked by: "Microsoft Visual Studio 2022 (12792), TryNextPost.API (20588)" [D:\NIMBUSPOST_DOCUMENTATION\TryNextPost\TryNextPost.API\TryNextPost.API.csproj]
C:\Program Files\dotnet\sdk\10.0.100\Microsoft.Common.CurrentVersion.targets(5080,5): warning MSB3026: Could not copy "D:\NIMBUSPOST_DOCUMENTATION\TryNextPost\TryNextPost.Application\bin\Debug\net9.0\TryNextPost.Application.dll" to "bin\Debug\net9.0\TryNextPost.Application.dll". Beginning retry 6 in 1000ms. The process cannot access the file 'D:\NIMBUSPOST_DOCUMENTATION\TryNextPost\TryNextPost.API\bin\Debug\net9.0\TryNextPost.Application.dll' because it is being used by another process. The file is locked by: "Microsoft Visual Studio 2022 (12792), TryNextPost.API (20588)" [D:\NIMBUSPOST_DOCUMENTATION\TryNextPost\TryNextPost.API\TryNextPost.API.csproj]
C:\Program Files\dotnet\sdk\10.0.100\Microsoft.Common.CurrentVersion.targets(5080,5): warning MSB3026: Could not copy "D:\NIMBUSPOST_DOCUMENTATION\TryNextPost\TryNextPost.Infrastructure\bin\Debug\net9.0\TryNextPost.Infrastructure.dll" to "bin\Debug\net9.0\TryNextPost.Infrastructure.dll". Beginning retry 6 in 1000ms. The process cannot access the file 'D:\NIMBUSPOST_DOCUMENTATION\TryNextPost\TryNextPost.API\bin\Debug\net9.0\TryNextPost.Infrastructure.dll' because it is being used by another process. The file is locked by: "Microsoft Visual Studio 2022 (12792), TryNextPost.API (20588)" [D:\NIMBUSPOST_DOCUMENTATION\TryNextPost\TryNextPost.API\TryNextPost.API.csproj]
C:\Program Files\dotnet\sdk\10.0.100\Microsoft.Common.CurrentVersion.targets(5080,5): warning MSB3026: Could not copy "D:\NIMBUSPOST_DOCUMENTATION\TryNextPost\TryNextPost.Domain\bin\Debug\net9.0\TryNextPost.Domain.dll" to "bin\Debug\net9.0\TryNextPost.Domain.dll". Beginning retry 7 in 1000ms. The process cannot access the file 'D:\NIMBUSPOST_DOCUMENTATION\TryNextPost\TryNextPost.API\bin\Debug\net9.0\TryNextPost.Domain.dll' because it is being used by another process. The file is locked by: "Microsoft Visual Studio 2022 (12792), TryNextPost.API (20588)" [D:\NIMBUSPOST_DOCUMENTATION\TryNextPost\TryNextPost.API\TryNextPost.API.csproj]
C:\Program Files\dotnet\sdk\10.0.100\Microsoft.Common.CurrentVersion.targets(5080,5): warning MSB3026: Could not copy "D:\NIMBUSPOST_DOCUMENTATION\TryNextPost\TryNextPost.Application\bin\Debug\net9.0\TryNextPost.Application.dll" to "bin\Debug\net9.0\TryNextPost.Application.dll". Beginning retry 7 in 1000ms. The process cannot access the file 'D:\NIMBUSPOST_DOCUMENTATION\TryNextPost\TryNextPost.API\bin\Debug\net9.0\TryNextPost.Application.dll' because it is being used by another process. The file is locked by: "Microsoft Visual Studio 2022 (12792), TryNextPost.API (20588)" [D:\NIMBUSPOST_DOCUMENTATION\TryNextPost\TryNextPost.API\TryNextPost.API.csproj]
C:\Program Files\dotnet\sdk\10.0.100\Microsoft.Common.CurrentVersion.targets(5080,5): warning MSB3026: Could not copy "D:\NIMBUSPOST_DOCUMENTATION\TryNextPost\TryNextPost.Infrastructure\bin\Debug\net9.0\TryNextPost.Infrastructure.dll" to "bin\Debug\net9.0\TryNextPost.Infrastructure.dll". Beginning retry 7 in 1000ms. The process cannot access the file 'D:\NIMBUSPOST_DOCUMENTATION\TryNextPost\TryNextPost.API\bin\Debug\net9.0\TryNextPost.Infrastructure.dll' because it is being used by another process. The file is locked by: "Microsoft Visual Studio 2022 (12792), TryNextPost.API (20588)" [D:\NIMBUSPOST_DOCUMENTATION\TryNextPost\TryNextPost.API\TryNextPost.API.csproj]
C:\Program Files\dotnet\sdk\10.0.100\Microsoft.Common.CurrentVersion.targets(5080,5): warning MSB3026: Could not copy "D:\NIMBUSPOST_DOCUMENTATION\TryNextPost\TryNextPost.Domain\bin\Debug\net9.0\TryNextPost.Domain.dll" to "bin\Debug\net9.0\TryNextPost.Domain.dll". Beginning retry 8 in 1000ms. The process cannot access the file 'D:\NIMBUSPOST_DOCUMENTATION\TryNextPost\TryNextPost.API\bin\Debug\net9.0\TryNextPost.Domain.dll' because it is being used by another process. The file is locked by: "Microsoft Visual Studio 2022 (12792), TryNextPost.API (20588)" [D:\NIMBUSPOST_DOCUMENTATION\TryNextPost\TryNextPost.API\TryNextPost.API.csproj]
C:\Program Files\dotnet\sdk\10.0.100\Microsoft.Common.CurrentVersion.targets(5080,5): warning MSB3026: Could not copy "D:\NIMBUSPOST_DOCUMENTATION\TryNextPost\TryNextPost.Infrastructure\bin\Debug\net9.0\TryNextPost.Infrastructure.dll" to "bin\Debug\net9.0\TryNextPost.Infrastructure.dll". Beginning retry 8 in 1000ms. The process cannot access the file 'D:\NIMBUSPOST_DOCUMENTATION\TryNextPost\TryNextPost.API\bin\Debug\net9.0\TryNextPost.Infrastructure.dll' because it is being used by another process. The file is locked by: "Microsoft Visual Studio 2022 (12792), TryNextPost.API (20588)" [D:\NIMBUSPOST_DOCUMENTATION\TryNextPost\TryNextPost.API\TryNextPost.API.csproj]
C:\Program Files\dotnet\sdk\10.0.100\Microsoft.Common.CurrentVersion.targets(5080,5): warning MSB3026: Could not copy "D:\NIMBUSPOST_DOCUMENTATION\TryNextPost\TryNextPost.Application\bin\Debug\net9.0\TryNextPost.Application.dll" to "bin\Debug\net9.0\TryNextPost.Application.dll". Beginning retry 8 in 1000ms. The process cannot access the file 'D:\NIMBUSPOST_DOCUMENTATION\TryNextPost\TryNextPost.API\bin\Debug\net9.0\TryNextPost.Application.dll' because it is being used by another process. The file is locked by: "Microsoft Visual Studio 2022 (12792), TryNextPost.API (20588)" [D:\NIMBUSPOST_DOCUMENTATION\TryNextPost\TryNextPost.API\TryNextPost.API.csproj]
C:\Program Files\dotnet\sdk\10.0.100\Microsoft.Common.CurrentVersion.targets(5080,5): warning MSB3026: Could not copy "D:\NIMBUSPOST_DOCUMENTATION\TryNextPost\TryNextPost.Domain\bin\Debug\net9.0\TryNextPost.Domain.dll" to "bin\Debug\net9.0\TryNextPost.Domain.dll". Beginning retry 9 in 1000ms. The process cannot access the file 'D:\NIMBUSPOST_DOCUMENTATION\TryNextPost\TryNextPost.API\bin\Debug\net9.0\TryNextPost.Domain.dll' because it is being used by another process. The file is locked by: "Microsoft Visual Studio 2022 (12792), TryNextPost.API (20588)" [D:\NIMBUSPOST_DOCUMENTATION\TryNextPost\TryNextPost.API\TryNextPost.API.csproj]
C:\Program Files\dotnet\sdk\10.0.100\Microsoft.Common.CurrentVersion.targets(5080,5): warning MSB3026: Could not copy "D:\NIMBUSPOST_DOCUMENTATION\TryNextPost\TryNextPost.Infrastructure\bin\Debug\net9.0\TryNextPost.Infrastructure.dll" to "bin\Debug\net9.0\TryNextPost.Infrastructure.dll". Beginning retry 9 in 1000ms. The process cannot access the file 'D:\NIMBUSPOST_DOCUMENTATION\TryNextPost\TryNextPost.API\bin\Debug\net9.0\TryNextPost.Infrastructure.dll' because it is being used by another process. The file is locked by: "Microsoft Visual Studio 2022 (12792), TryNextPost.API (20588)" [D:\NIMBUSPOST_DOCUMENTATION\TryNextPost\TryNextPost.API\TryNextPost.API.csproj]
C:\Program Files\dotnet\sdk\10.0.100\Microsoft.Common.CurrentVersion.targets(5080,5): warning MSB3026: Could not copy "D:\NIMBUSPOST_DOCUMENTATION\TryNextPost\TryNextPost.Application\bin\Debug\net9.0\TryNextPost.Application.dll" to "bin\Debug\net9.0\TryNextPost.Application.dll". Beginning retry 9 in 1000ms. The process cannot access the file 'D:\NIMBUSPOST_DOCUMENTATION\TryNextPost\TryNextPost.API\bin\Debug\net9.0\TryNextPost.Application.dll' because it is being used by another process. The file is locked by: "Microsoft Visual Studio 2022 (12792), TryNextPost.API (20588)" [D:\NIMBUSPOST_DOCUMENTATION\TryNextPost\TryNextPost.API\TryNextPost.API.csproj]
C:\Program Files\dotnet\sdk\10.0.100\Microsoft.Common.CurrentVersion.targets(5080,5): warning MSB3026: Could not copy "D:\NIMBUSPOST_DOCUMENTATION\TryNextPost\TryNextPost.Domain\bin\Debug\net9.0\TryNextPost.Domain.dll" to "bin\Debug\net9.0\TryNextPost.Domain.dll". Beginning retry 10 in 1000ms. The process cannot access the file 'D:\NIMBUSPOST_DOCUMENTATION\TryNextPost\TryNextPost.API\bin\Debug\net9.0\TryNextPost.Domain.dll' because it is being used by another process. The file is locked by: "Microsoft Visual Studio 2022 (12792), TryNextPost.API (20588)" [D:\NIMBUSPOST_DOCUMENTATION\TryNextPost\TryNextPost.API\TryNextPost.API.csproj]
C:\Program Files\dotnet\sdk\10.0.100\Microsoft.Common.CurrentVersion.targets(5080,5): warning MSB3026: Could not copy "D:\NIMBUSPOST_DOCUMENTATION\TryNextPost\TryNextPost.Infrastructure\bin\Debug\net9.0\TryNextPost.Infrastructure.dll" to "bin\Debug\net9.0\TryNextPost.Infrastructure.dll". Beginning retry 10 in 1000ms. The process cannot access the file 'D:\NIMBUSPOST_DOCUMENTATION\TryNextPost\TryNextPost.API\bin\Debug\net9.0\TryNextPost.Infrastructure.dll' because it is being used by another process. The file is locked by: "Microsoft Visual Studio 2022 (12792), TryNextPost.API (20588)" [D:\NIMBUSPOST_DOCUMENTATION\TryNextPost\TryNextPost.API\TryNextPost.API.csproj]
C:\Program Files\dotnet\sdk\10.0.100\Microsoft.Common.CurrentVersion.targets(5080,5): warning MSB3026: Could not copy "D:\NIMBUSPOST_DOCUMENTATION\TryNextPost\TryNextPost.Application\bin\Debug\net9.0\TryNextPost.Application.dll" to "bin\Debug\net9.0\TryNextPost.Application.dll". Beginning retry 10 in 1000ms. The process cannot access the file 'D:\NIMBUSPOST_DOCUMENTATION\TryNextPost\TryNextPost.API\bin\Debug\net9.0\TryNextPost.Application.dll' because it is being used by another process. The file is locked by: "Microsoft Visual Studio 2022 (12792), TryNextPost.API (20588)" [D:\NIMBUSPOST_DOCUMENTATION\TryNextPost\TryNextPost.API\TryNextPost.API.csproj]
C:\Program Files\dotnet\sdk\10.0.100\Microsoft.Common.CurrentVersion.targets(5080,5): error MSB3027: Could not copy "D:\NIMBUSPOST_DOCUMENTATION\TryNextPost\TryNextPost.Domain\bin\Debug\net9.0\TryNextPost.Domain.dll" to "bin\Debug\net9.0\TryNextPost.Domain.dll". Exceeded retry count of 10. Failed. The file is locked by: "Microsoft Visual Studio 2022 (12792), TryNextPost.API (20588)" [D:\NIMBUSPOST_DOCUMENTATION\TryNextPost\TryNextPost.API\TryNextPost.API.csproj]
C:\Program Files\dotnet\sdk\10.0.100\Microsoft.Common.CurrentVersion.targets(5080,5): error MSB3021: Unable to copy file "D:\NIMBUSPOST_DOCUMENTATION\TryNextPost\TryNextPost.Domain\bin\Debug\net9.0\TryNextPost.Domain.dll" to "bin\Debug\net9.0\TryNextPost.Domain.dll". The process cannot access the file 'D:\NIMBUSPOST_DOCUMENTATION\TryNextPost\TryNextPost.API\bin\Debug\net9.0\TryNextPost.Domain.dll' because it is being used by another process. [D:\NIMBUSPOST_DOCUMENTATION\TryNextPost\TryNextPost.API\TryNextPost.API.csproj]
C:\Program Files\dotnet\sdk\10.0.100\Microsoft.Common.CurrentVersion.targets(5080,5): error MSB3027: Could not copy "D:\NIMBUSPOST_DOCUMENTATION\TryNextPost\TryNextPost.Infrastructure\bin\Debug\net9.0\TryNextPost.Infrastructure.dll" to "bin\Debug\net9.0\TryNextPost.Infrastructure.dll". Exceeded retry count of 10. Failed. The file is locked by: "Microsoft Visual Studio 2022 (12792), TryNextPost.API (20588)" [D:\NIMBUSPOST_DOCUMENTATION\TryNextPost\TryNextPost.API\TryNextPost.API.csproj]
C:\Program Files\dotnet\sdk\10.0.100\Microsoft.Common.CurrentVersion.targets(5080,5): error MSB3021: Unable to copy file "D:\NIMBUSPOST_DOCUMENTATION\TryNextPost\TryNextPost.Infrastructure\bin\Debug\net9.0\TryNextPost.Infrastructure.dll" to "bin\Debug\net9.0\TryNextPost.Infrastructure.dll". The process cannot access the file 'D:\NIMBUSPOST_DOCUMENTATION\TryNextPost\TryNextPost.API\bin\Debug\net9.0\TryNextPost.Infrastructure.dll' because it is being used by another process. [D:\NIMBUSPOST_DOCUMENTATION\TryNextPost\TryNextPost.API\TryNextPost.API.csproj]
C:\Program Files\dotnet\sdk\10.0.100\Microsoft.Common.CurrentVersion.targets(5080,5): error MSB3027: Could not copy "D:\NIMBUSPOST_DOCUMENTATION\TryNextPost\TryNextPost.Application\bin\Debug\net9.0\TryNextPost.Application.dll" to "bin\Debug\net9.0\TryNextPost.Application.dll". Exceeded retry count of 10. Failed. The file is locked by: "Microsoft Visual Studio 2022 (12792), TryNextPost.API (20588)" [D:\NIMBUSPOST_DOCUMENTATION\TryNextPost\TryNextPost.API\TryNextPost.API.csproj]
C:\Program Files\dotnet\sdk\10.0.100\Microsoft.Common.CurrentVersion.targets(5080,5): error MSB3021: Unable to copy file "D:\NIMBUSPOST_DOCUMENTATION\TryNextPost\TryNextPost.Application\bin\Debug\net9.0\TryNextPost.Application.dll" to "bin\Debug\net9.0\TryNextPost.Application.dll". The process cannot access the file 'D:\NIMBUSPOST_DOCUMENTATION\TryNextPost\TryNextPost.API\bin\Debug\net9.0\TryNextPost.Application.dll' because it is being used by another process. [D:\NIMBUSPOST_DOCUMENTATION\TryNextPost\TryNextPost.API\TryNextPost.API.csproj]
    130 Warning(s)
    6 Error(s)

Time Elapsed 00:01:04.16
